Component: ARM Compiler 5.05 update 1 (build 106) Tool: armlink [4d0efa]

==============================================================================

Section Cross References

    main.o(i.led0_task) refers to tasks.o(i.vTaskDelay) for vTaskDelay
    main.o(i.led1_task) refers to tasks.o(i.vTaskDelay) for vTaskDelay
    main.o(i.main) refers to misc.o(i.NVIC_PriorityGroupConfig) for NVIC_PriorityGroupConfig
    main.o(i.main) refers to delay.o(i.delay_init) for delay_init
    main.o(i.main) refers to usart.o(i.uart_init) for uart_init
    main.o(i.main) refers to led.o(i.LED_Init) for LED_Init
    main.o(i.main) refers to tasks.o(i.xTaskCreate) for xTaskCreate
    main.o(i.main) refers to tasks.o(i.vTaskStartScheduler) for vTaskStartScheduler
    main.o(i.main) refers to main.o(.data) for StartTask_Handler
    main.o(i.main) refers to main.o(i.start_task) for start_task
    main.o(i.start_task) refers to port.o(i.vPortEnterCritical) for vPortEnterCritical
    main.o(i.start_task) refers to tasks.o(i.xTaskCreate) for xTaskCreate
    main.o(i.start_task) refers to tasks.o(i.vTaskDelete) for vTaskDelete
    main.o(i.start_task) refers to port.o(i.vPortExitCritical) for vPortExitCritical
    main.o(i.start_task) refers to main.o(.data) for LED0Task_Handler
    main.o(i.start_task) refers to main.o(i.led0_task) for led0_task
    main.o(i.start_task) refers to main.o(i.led1_task) for led1_task
    system_stm32f10x.o(i.SetSysClock) refers to system_stm32f10x.o(i.SetSysClockTo72) for SetSysClockTo72
    system_stm32f10x.o(i.SystemCoreClockUpdate) refers to system_stm32f10x.o(.data) for SystemCoreClock
    system_stm32f10x.o(i.SystemInit) refers to system_stm32f10x.o(i.SetSysClock) for SetSysClock
    led.o(i.LED_Init) refers to stm32f10x_rcc.o(i.RCC_APB2PeriphClockCmd) for RCC_APB2PeriphClockCmd
    led.o(i.LED_Init) refers to stm32f10x_gpio.o(i.GPIO_Init) for GPIO_Init
    led.o(i.LED_Init) refers to stm32f10x_gpio.o(i.GPIO_SetBits) for GPIO_SetBits
    delay.o(i.SysTick_Handler) refers to tasks.o(i.xTaskGetSchedulerState) for xTaskGetSchedulerState
    delay.o(i.SysTick_Handler) refers to port.o(i.xPortSysTickHandler) for xPortSysTickHandler
    delay.o(i.delay_init) refers to misc.o(i.SysTick_CLKSourceConfig) for SysTick_CLKSourceConfig
    delay.o(i.delay_init) refers to system_stm32f10x.o(.data) for SystemCoreClock
    delay.o(i.delay_init) refers to delay.o(.data) for fac_us
    delay.o(i.delay_ms) refers to tasks.o(i.xTaskGetSchedulerState) for xTaskGetSchedulerState
    delay.o(i.delay_ms) refers to tasks.o(i.vTaskDelay) for vTaskDelay
    delay.o(i.delay_ms) refers to delay.o(i.delay_us) for delay_us
    delay.o(i.delay_ms) refers to delay.o(.data) for fac_ms
    delay.o(i.delay_us) refers to delay.o(.data) for fac_us
    delay.o(i.delay_xms) refers to delay.o(i.delay_us) for delay_us
    usart.o(i.USART1_IRQHandler) refers (Special) to use_no_semi_2.o(.text) for __use_no_semihosting
    usart.o(i.USART1_IRQHandler) refers to stm32f10x_usart.o(i.USART_GetITStatus) for USART_GetITStatus
    usart.o(i.USART1_IRQHandler) refers to stm32f10x_usart.o(i.USART_ReceiveData) for USART_ReceiveData
    usart.o(i.USART1_IRQHandler) refers to usart.o(.data) for USART_RX_STA
    usart.o(i.USART1_IRQHandler) refers to usart.o(.bss) for USART_RX_BUF
    usart.o(i._sys_exit) refers (Special) to use_no_semi_2.o(.text) for __use_no_semihosting
    usart.o(i.fputc) refers (Special) to use_no_semi_2.o(.text) for __use_no_semihosting
    usart.o(i.uart_init) refers (Special) to use_no_semi_2.o(.text) for __use_no_semihosting
    usart.o(i.uart_init) refers to stm32f10x_rcc.o(i.RCC_APB2PeriphClockCmd) for RCC_APB2PeriphClockCmd
    usart.o(i.uart_init) refers to stm32f10x_gpio.o(i.GPIO_Init) for GPIO_Init
    usart.o(i.uart_init) refers to misc.o(i.NVIC_Init) for NVIC_Init
    usart.o(i.uart_init) refers to stm32f10x_usart.o(i.USART_Init) for USART_Init
    usart.o(i.uart_init) refers to stm32f10x_usart.o(i.USART_ITConfig) for USART_ITConfig
    usart.o(i.uart_init) refers to stm32f10x_usart.o(i.USART_Cmd) for USART_Cmd
    usart.o(.bss) refers (Special) to use_no_semi_2.o(.text) for __use_no_semihosting
    usart.o(.data) refers (Special) to use_no_semi_2.o(.text) for __use_no_semihosting
    startup_stm32f10x_hd.o(STACK) refers (Special) to heapauxi.o(.text) for __use_two_region_memory
    startup_stm32f10x_hd.o(HEAP) refers (Special) to heapauxi.o(.text) for __use_two_region_memory
    startup_stm32f10x_hd.o(RESET) refers (Special) to heapauxi.o(.text) for __use_two_region_memory
    startup_stm32f10x_hd.o(RESET) refers to startup_stm32f10x_hd.o(STACK) for __initial_sp
    startup_stm32f10x_hd.o(RESET) refers to startup_stm32f10x_hd.o(.text) for Reset_Handler
    startup_stm32f10x_hd.o(RESET) refers to stm32f10x_it.o(i.NMI_Handler) for NMI_Handler
    startup_stm32f10x_hd.o(RESET) refers to stm32f10x_it.o(i.HardFault_Handler) for HardFault_Handler
[...]

Image Symbol Table

    Local Symbols

    Symbol Name                              Value     Ov Type        Size  Object(Section)

    ../clib/angel/boardlib.s                 0x00000000   Number         0  boardinit3.o ABSOLUTE
    ../clib/angel/boardlib.s                 0x00000000   Number         0  boardinit2.o ABSOLUTE
    ../clib/angel/boardlib.s                 0x00000000   Number         0  boardshut.o ABSOLUTE
    ../clib/angel/boardlib.s                 0x00000000   Number         0  boardinit1.o ABSOLUTE
    ../clib/angel/handlers.s                 0x00000000   Number         0  __scatter_copy.o ABSOLUTE
    ../clib/angel/handlers.s                 0x00000000   Number         0  __scatter_zi.o ABSOLUTE
    ../clib/angel/kernel.s                   0x00000000   Number         0  __rtentry2.o ABSOLUTE
    ../clib/angel/kernel.s                   0x00000000   Number         0  rtexit2.o ABSOLUTE
    ../clib/angel/kernel.s                   0x00000000   Number         0  rtexit.o ABSOLUTE
    ../clib/angel/kernel.s                   0x00000000   Number         0  __rtentry.o ABSOLUTE
    ../clib/angel/kernel.s                   0x00000000   Number         0  __rtentry4.o ABSOLUTE
    ../clib/angel/rt.s                       0x00000000   Number         0  rt_raise.o ABSOLUTE
    ../clib/angel/scatter.s                  0x00000000   Number         0  __scatter.o ABSOLUTE
    ../clib/angel/startup.s                  0x00000000   Number         0  __main.o ABSOLUTE
    ../clib/angel/sys.s                      0x00000000   Number         0  sys_stackheap_outer.o ABSOLUTE
    ../clib/angel/sys.s                      0x00000000   Number         0  indicate_semi.o ABSOLUTE
    ../clib/angel/sys.s                      0x00000000   Number         0  libspace.o ABSOLUTE
    ../clib/angel/sys.s                      0x00000000   Number         0  use_no_semi_2.o ABSOLUTE
    ../clib/angel/sys.s                      0x00000000   Number         0  use_no_semi.o ABSOLUTE
    ../clib/angel/sysapp.c                   0x00000000   Number         0  sys_wrch.o ABSOLUTE
    ../clib/angel/sysapp.c                   0x00000000   Number         0  sys_command.o ABSOLUTE
    ../clib/armsys.c                         0x00000000   Number         0  no_argv.o ABSOLUTE
    ../clib/armsys.c                         0x00000000   Number         0  _get_argv_nomalloc.o ABSOLUTE
    ../clib/armsys.c                         0x00000000   Number         0  argv_veneer.o ABSOLUTE
    ../clib/armsys.c                         0x00000000   Number         0  argv_veneer.o ABSOLUTE
    ../clib/heapalloc.c                      0x00000000   Number         0  hrguard.o ABSOLUTE
    ../clib/heapaux.c                        0x00000000   Number         0  heapauxi.o ABSOLUTE
    ../clib/libinit.s                        0x00000000   Number         0  libinit.o ABSOLUTE
    ../clib/libinit.s                        0x00000000   Number         0  libshutdown2.o ABSOLUTE
    ../clib/libinit.s                        0x00000000   Number         0  libinit2.o ABSOLUTE
    ../clib/libinit.s                        0x00000000   Number         0  libshutdown.o ABSOLUTE
    ../clib/memcpset.s                       0x00000000   Number         0  rt_memcpy_v6.o ABSOLUTE
    ../clib/memcpset.s                       0x00000000   Number         0  rt_memclr_w.o ABSOLUTE
    ../clib/memcpset.s                       0x00000000   Number         0  rt_memclr.o ABSOLUTE
    ../clib/memcpset.s                       0x00000000   Number         0  aeabi_memset.o ABSOLUTE
    ../clib/memcpset.s                       0x00000000   Number         0  rt_memcpy_w.o ABSOLUTE
    ../clib/memcpset.s                       0x00000000   Number         0  memset.o ABSOLUTE
    ../clib/printf.c                         0x00000000   Number         0  __printf_ss_wp.o ABSOLUTE
    ../clib/printf.c                         0x00000000   Number         0  __printf_flags_ss_wp.o ABSOLUTE
    ../clib/printf.c                         0x00000000   Number         0  __printf_flags_wp.o ABSOLUTE
    ../clib/printf.c                         0x00000000   Number         0  __printf_wp.o ABSOLUTE
    ../clib/printf.c                         0x00000000   Number         0  __printf_ss.o ABSOLUTE
    ../clib/printf.c                         0x00000000   Number         0  _printf_char.o ABSOLUTE
    ../clib/printf.c                         0x00000000   Number         0  _printf_intcommon.o ABSOLUTE
    ../clib/printf.c                         0x00000000   Number         0  __printf_flags_ss.o ABSOLUTE
    ../clib/printf.c                         0x00000000   Number         0  __2printf.o ABSOLUTE
    ../clib/printf.c                         0x00000000   Number         0  _sputc.o ABSOLUTE
    ../clib/printf.c                         0x00000000   Number         0  __2sprintf.o ABSOLUTE
    ../clib/printf.c                         0x00000000   Number         0  _printf_char_common.o ABSOLUTE
    ../clib/printf.c                         0x00000000   Number         0  __printf_nopercent.o ABSOLUTE
    ../clib/printf.c                         0x00000000   Number         0  noretval__2printf.o ABSOLUTE
    ../clib/printf.c                         0x00000000   Number         0  __printf_flags.o ABSOLUTE
    ../clib/printf.c                         0x00000000   Number         0  noretval__2sprintf.o ABSOLUTE
    ../clib/printf.c                         0x00000000   Number         0  _printf_dec.o ABSOLUTE
    ../clib/printf.c                         0x00000000   Number         0  __printf.o ABSOLUTE
    ../clib/printf.c                         0x00000000   Number         0  _printf_str.o ABSOLUTE
    ../clib/printf.c                         0x00000000   Number         0  _printf_char_file.o ABSOLUTE
    ../clib/printf_percent.s                 0x00000000   Number         0  _printf_d.o ABSOLUTE
    ../clib/printf_percent.s                 0x00000000   Number         0  _printf_s.o ABSOLUTE
    ../clib/printf_percent.s                 0x00000000   Number         0  _printf_percent_end.o ABSOLUTE
    ../clib/printf_percent.s                 0x00000000   Number         0  _printf_percent.o ABSOLUTE
    ../clib/printf_percent.s                 0x00000000   Number         0  _printf_u.o ABSOLUTE
    ../clib/printf_percent.s                 0x00000000   Number         0  _printf_c.o ABSOLUTE
    ../clib/signal.c                         0x00000000   Number         0  defsig_rtmem_inner.o ABSOLUTE
    ../clib/signal.c                         0x00000000   Number         0  defsig_rtmem_formal.o ABSOLUTE
    ../clib/signal.c                         0x00000000   Number         0  defsig_rtmem_outer.o ABSOLUTE
    ../clib/signal.c                         0x00000000   Number         0  defsig_exit.o ABSOLUTE
    ../clib/signal.c                         0x00000000   Number         0  defsig_other.o ABSOLUTE
    ../clib/signal.c                         0x00000000   Number         0  defsig_segv_inner.o ABSOLUTE
    ../clib/signal.c                         0x00000000   Number         0  defsig_cppl_inner.o ABSOLUTE
    ../clib/signal.c                         0x00000000   Number         0  defsig_pvfn_inner.o ABSOLUTE
    ../clib/signal.c                         0x00000000   Number         0  defsig_stak_inner.o ABSOLUTE
    ../clib/signal.c                         0x00000000   Number         0  defsig_rtred_inner.o ABSOLUTE
    ../clib/signal.c                         0x00000000   Number         0  defsig_fpe_inner.o ABSOLUTE
    ../clib/signal.c                         0x00000000   Number         0  defsig_abrt_inner.o ABSOLUTE
    ../clib/signal.c                         0x00000000   Number         0  defsig_general.o ABSOLUTE
    ../clib/signal.c                         0x00000000   Number         0  __raise.o ABSOLUTE
    ../clib/signal.s                         0x00000000   Number         0  defsig.o ABSOLUTE
    ../clib/stdio.c                          0x00000000   Number         0  ferror_locked.o ABSOLUTE
    ../clib/stdio.c                          0x00000000   Number         0  ferror.o ABSOLUTE
    ../clib/stdlib.c                         0x00000000   Number         0  exit.o ABSOLUTE
    ../clib/string.c                         0x00000000   Number         0  strlen.o ABSOLUTE
    ../clib/string.c                         0x00000000   Number         0  strcpy.o ABSOLUTE
    ../fplib/fpinit.s                        0x00000000   Number         0  fpinit.o ABSOLUTE
    ..\CORE\core_cm3.c                       0x00000000   Number         0  core_cm3.o ABSOLUTE
    ..\CORE\startup_stm32f10x_hd.s           0x00000000   Number         0  startup_stm32f10x_hd.o ABSOLUTE
    ..\FreeRTOS\croutine.c                   0x00000000   Number         0  croutine.o ABSOLUTE
    ..\FreeRTOS\event_groups.c               0x00000000   Number         0  event_groups.o ABSOLUTE
    ..\FreeRTOS\list.c                       0x00000000   Number         0  list.o ABSOLUTE
    ..\FreeRTOS\portable\MemMang\heap_4.c    0x00000000   Number         0  heap_4.o ABSOLUTE
    ..\FreeRTOS\portable\RVDS\ARM_CM3\port.c 0x00000000   Number         0  port.o ABSOLUTE
    ..\FreeRTOS\queue.c                      0x00000000   Number         0  queue.o ABSOLUTE
    ..\FreeRTOS\stream_buffer.c              0x00000000   Number         0  stream_buffer.o ABSOLUTE
    ..\FreeRTOS\tasks.c                      0x00000000   Number         0  tasks.o ABSOLUTE
    ..\FreeRTOS\timers.c                     0x00000000   Number         0  timers.o ABSOLUTE
    ..\HARDWARE\LED\led.c                    0x00000000   Number         0  led.o ABSOLUTE
    ..\STM32F10x_FWLib\src\misc.c            0x00000000   Number         0  misc.o ABSOLUTE
    ..\STM32F10x_FWLib\src\stm32f10x_dbgmcu.c 0x00000000   Number         0  stm32f10x_dbgmcu.o ABSOLUTE
    ..\STM32F10x_FWLib\src\stm32f10x_gpio.c  0x00000000   Number         0  stm32f10x_gpio.o ABSOLUTE
    ..\STM32F10x_FWLib\src\stm32f10x_rcc.c   0x00000000   Number         0  stm32f10x_rcc.o ABSOLUTE
    ..\STM32F10x_FWLib\src\stm32f10x_usart.c 0x00000000   Number         0  stm32f10x_usart.o ABSOLUTE
    ..\SYSTEM\delay\delay.c                  0x00000000   Number         0  delay.o ABSOLUTE
    ..\SYSTEM\sys\sys.c                      0x00000000   Number         0  sys.o ABSOLUTE
    ..\SYSTEM\usart\usart.c                  0x00000000   Number         0  usart.o ABSOLUTE
    ..\\CORE\\core_cm3.c                     0x00000000   Number         0  core_cm3.o ABSOLUTE
    ..\\FreeRTOS\\portable\\RVDS\\ARM_CM3\\port.c 0x00000000   Number         0  port.o ABSOLUTE
    ..\\SYSTEM\\sys\\sys.c                   0x00000000   Number         0  sys.o ABSOLUTE
    dc.s                                     0x00000000   Number         0  dc.o ABSOLUTE
    main.c                                   0x00000000   Number         0  main.o ABSOLUTE
    stm32f10x_it.c                           0x00000000   Number         0  stm32f10x_it.o ABSOLUTE
    system_stm32f10x.c                       0x00000000   Number         0  system_stm32f10x.o ABSOLUTE
    RESET                                    0x08000000   Section      304  startup_stm32f10x_hd.o(RESET)
    !!!main                                  0x08000130   Section        8  __main.o(!!!main)
    !!!scatter                               0x08000138   Section       52  __scatter.o(!!!scatter)
    !!handler_copy                           0x0800016c   Section       26  __scatter_copy.o(!!handler_copy)
    !!handler_zi                             0x08000188   Section       28  __scatter_zi.o(!!handler_zi)
    .ARM.Collect$$_printf_percent$$00000000  0x080001a4   Section        0  _printf_percent.o(.ARM.Collect$$_printf_percent$$00000000)
    .ARM.Collect$$_printf_percent$$00000009  0x080001a4   Section        6  _printf_d.o(.ARM.Collect$$_printf_percent$$00000009)
    .ARM.Collect$$_printf_percent$$00000014  0x080001aa   Section        6  _printf_s.o(.ARM.Collect$$_printf_percent$$00000014)
    .ARM.Collect$$_printf_percent$$00000017  0x080001b0   Section        4  _printf_percent_end.o(.ARM.Collect$$_printf_percent$$00000017)
    .ARM.Collect$$libinit$$00000000          0x080001b4   Section        2  libinit.o(.ARM.Collect$$libinit$$00000000)
    .ARM.Collect$$libinit$$00000002          0x080001b6   Section        0  libinit2.o(.ARM.Collect$$libinit$$00000002)
    .ARM.Collect$$libinit$$00000004          0x080001b6   Section        0  libinit2.o(.ARM.Collect$$libinit$$00000004)
    .ARM.Collect$$libinit$$0000000A          0x080001b6   Section        0  libinit2.o(.ARM.Collect$$libinit$$0000000A)
    .ARM.Collect$$libinit$$0000000C          0x080001b6   Section        0  libinit2.o(.ARM.Collect$$libinit$$0000000C)
    .ARM.Collect$$libinit$$0000000E          0x080001b6   Section        0  libinit2.o(.ARM.Collect$$libinit$$0000000E)
    .ARM.Collect$$libinit$$00000011          0x080001b6   Section        0  libinit2.o(.ARM.Collect$$libinit$$00000011)
    .ARM.Collect$$libinit$$00000013          0x080001b6   Section        0  libinit2.o(.ARM.Collect$$libinit$$00000013)
    .ARM.Collect$$libinit$$00000015          0x080001b6   Section        0  libinit2.o(.ARM.Collect$$libinit$$00000015)
    .ARM.Collect$$libinit$$00000017          0x080001b6   Section        0  libinit2.o(.ARM.Collect$$libinit$$00000017)
    .ARM.Collect$$libinit$$00000019          0x080001b6   Section        0  libinit2.o(.ARM.Collect$$libinit$$00000019)
    .ARM.Collect$$libinit$$0000001B          0x080001b6   Section        0  libinit2.o(.ARM.Collect$$libinit$$0000001B)
    .ARM.Collect$$libinit$$0000001D          0x080001b6   Section        0  libinit2.o(.ARM.Collect$$libinit$$0000001D)
    .ARM.Collect$$libinit$$0000001F          0x080001b6   Section        0  libinit2.o(.ARM.Collect$$libinit$$0000001F)
    .ARM.Collect$$libinit$$00000021          0x080001b6   Section        0  libinit2.o(.ARM.Collect$$libinit$$00000021)
    .ARM.Collect$$libinit$$00000023          0x080001b6   Section        0  libinit2.o(.ARM.Collect$$libinit$$00000023)
    .ARM.Collect$$libinit$$00000025          0x080001b6   Section        0  libinit2.o(.ARM.Collect$$libinit$$00000025)
    .ARM.Collect$$libinit$$0000002C          0x080001b6   Section        0  libinit2.o(.ARM.Collect$$libinit$$0000002C)
    .ARM.Collect$$libinit$$0000002E          0x080001b6   Section        0  libinit2.o(.ARM.Collect$$libinit$$0000002E)
    .ARM.Collect$$libinit$$00000030          0x080001b6   Section        0  libinit2.o(.ARM.Collect$$libinit$$00000030)
    .ARM.Collect$$libinit$$00000032          0x080001b6   Section        0  libinit2.o(.ARM.Collect$$libinit$$00000032)
    .ARM.Collect$$libinit$$00000033          0x080001b6   Section        2  libinit2.o(.ARM.Collect$$libinit$$00000033)
    .ARM.Collect$$libshutdown$$00000000      0x080001b8   Section        2  libshutdown.o(.ARM.Collect$$libshutdown$$00000000)
    .ARM.Collect$$libshutdown$$00000003      0x080001ba   Section        0  libshutdown2.o(.ARM.Collect$$libshutdown$$00000003)
    .ARM.Collect$$libshutdown$$00000006      0x080001ba   Section        0  libshutdown2.o(.ARM.Collect$$libshutdown$$00000006)
    .ARM.Collect$$libshutdown$$00000009      0x080001ba   Section        0  libshutdown2.o(.ARM.Collect$$libshutdown$$00000009)
    .ARM.Collect$$libshutdown$$0000000B      0x080001ba   Section        0  libshutdown2.o(.ARM.Collect$$libshutdown$$0000000B)
    .ARM.Collect$$libshutdown$$0000000E      0x080001ba   Section        0  libshutdown2.o(.ARM.Collect$$libshutdown$$0000000E)
    .ARM.Collect$$libshutdown$$0000000F      0x080001ba   Section        2  libshutdown2.o(.ARM.Collect$$libshutdown$$0000000F)
    .ARM.Collect$$rtentry$$00000000          0x080001bc   Section        0  __rtentry.o(.ARM.Collect$$rtentry$$00000000)
    .ARM.Collect$$rtentry$$00000002          0x080001bc   Section        0  __rtentry2.o(.ARM.Collect$$rtentry$$00000002)
    .ARM.Collect$$rtentry$$00000004          0x080001bc   Section        6  __rtentry4.o(.ARM.Collect$$rtentry$$00000004)
    .ARM.Collect$$rtentry$$00000009          0x080001c2   Section        0  __rtentry2.o(.ARM.Collect$$rtentry$$00000009)
    .ARM.Collect$$rtentry$$0000000A          0x080001c2   Section        4  __rtentry2.o(.ARM.Collect$$rtentry$$0000000A)
    .ARM.Collect$$rtentry$$0000000C          0x080001c6   Section        0  __rtentry2.o(.ARM.Collect$$rtentry$$0000000C)
    .ARM.Collect$$rtentry$$0000000D          0x080001c6   Section        8  __rtentry2.o(.ARM.Collect$$rtentry$$0000000D)
    .ARM.Collect$$rtexit$$00000000           0x080001ce   Section        2  rtexit.o(.ARM.Collect$$rtexit$$00000000)
    .ARM.Collect$$rtexit$$00000002           0x080001d0   Section        0  rtexit2.o(.ARM.Collect$$rtexit$$00000002)
    .ARM.Collect$$rtexit$$00000003           0x080001d0   Section        4  rtexit2.o(.ARM.Collect$$rtexit$$00000003)
    .ARM.Collect$$rtexit$$00000004           0x080001d4   Section        6  rtexit2.o(.ARM.Collect$$rtexit$$00000004)
    .emb_text                                0x080001dc   Section      150  port.o(.emb_text)
    .text                                    0x08000274   Section       64  startup_stm32f10x_hd.o(.text)
    .text                                    0x080002b4   Section        2  use_no_semi_2.o(.text)
    .text                                    0x080002b8   Section        0  noretval__2printf.o(.text)
    .text                                    0x080002d0   Section        0  __printf.o(.text)
    .text                                    0x08000338   Section        0  _printf_str.o(.text)
    .text                                    0x0800038c   Section        0  _printf_dec.o(.text)
    .text                                    0x08000404   Section      138  rt_memcpy_v6.o(.text)
    .text                                    0x0800048e   Section       16  aeabi_memset.o(.text)
    .text                                    0x0800049e   Section       68  rt_memclr.o(.text)
    .text                                    0x080004e2   Section       78  rt_memclr_w.o(.text)
    .text                                    0x08000530   Section        0  heapauxi.o(.text)
    .text                                    0x08000536   Section        2  use_no_semi.o(.text)
    .text                                    0x08000538   Section        0  _printf_intcommon.o(.text)
    .text                                    0x080005ec   Section        0  _printf_char_common.o(.text)
    _printf_input_char                       0x080005ed   Thumb Code    10  _printf_char_common.o(.text)
    .text                                    0x0800061c   Section        0  _printf_char.o(.text)
    .text                                    0x08000648   Section        0  _printf_char_file.o(.text)
    .text                                    0x0800066c   Section      100  rt_memcpy_w.o(.text)
    .text                                    0x080006d0   Section        0  ferror.o(.text)
    .text                                    0x080006d8   Section       74  sys_stackheap_outer.o(.text)
    .text                                    0x08000722   Section        0  exit.o(.text)
    .text                                    0x08000730   Section        8  libspace.o(.text)
    i.BusFault_Handler                       0x08000738   Section        0  stm32f10x_it.o(i.BusFault_Handler)
    i.DebugMon_Handler                       0x0800073c   Section        0  stm32f10x_it.o(i.DebugMon_Handler)
    i.GPIO_Init                              0x0800073e   Section        0  stm32f10x_gpio.o(i.GPIO_Init)
    i.GPIO_SetBits                           0x08000854   Section        0  stm32f10x_gpio.o(i.GPIO_SetBits)
    i.HardFault_Handler                      0x08000858   Section        0  stm32f10x_it.o(i.HardFault_Handler)
    i.LED_Init                               0x0800085c   Section        0  led.o(i.LED_Init)
    i.MemManage_Handler                      0x080008a8   Section        0  stm32f10x_it.o(i.MemManage_Handler)
    i.NMI_Handler                            0x080008ac   Section        0  stm32f10x_it.o(i.NMI_Handler)
    i.NVIC_Init                              0x080008b0   Section        0  misc.o(i.NVIC_Init)
    i.NVIC_PriorityGroupConfig               0x08000920   Section        0  misc.o(i.NVIC_PriorityGroupConfig)
    i.RCC_APB2PeriphClockCmd                 0x08000934   Section        0  stm32f10x_rcc.o(i.RCC_APB2PeriphClockCmd)
    i.RCC_GetClocksFreq                      0x08000954   Section        0  stm32f10x_rcc.o(i.RCC_GetClocksFreq)
    i.SetSysClock                            0x08000a28   Section        0  system_stm32f10x.o(i.SetSysClock)
    SetSysClock                              0x08000a29   Thumb Code     8  system_stm32f10x.o(i.SetSysClock)
    i.SetSysClockTo72                        0x08000a30   Section        0  system_stm32f10x.o(i.SetSysClockTo72)
    SetSysClockTo72                          0x08000a31   Thumb Code   214  system_stm32f10x.o(i.SetSysClockTo72)
    i.SysTick_CLKSourceConfig                0x08000b10   Section        0  misc.o(i.SysTick_CLKSourceConfig)
    i.SysTick_Handler                        0x08000b38   Section        0  delay.o(i.SysTick_Handler)
    i.SystemInit                             0x08000b48   Section        0  system_stm32f10x.o(i.SystemInit)
    i.USART1_IRQHandler                      0x08000ba8   Section        0  usart.o(i.USART1_IRQHandler)
    i.USART_Cmd                              0x08000c30   Section        0  stm32f10x_usart.o(i.USART_Cmd)
    i.USART_GetITStatus                      0x08000c48   Section        0  stm32f10x_usart.o(i.USART_GetITStatus)
    i.USART_ITConfig                         0x08000c9c   Section        0  stm32f10x_usart.o(i.USART_ITConfig)
    i.USART_Init                             0x08000ce8   Section        0  stm32f10x_usart.o(i.USART_Init)
    i.USART_ReceiveData                      0x08000dc0   Section        0  stm32f10x_usart.o(i.USART_ReceiveData)
    i.UsageFault_Handler                     0x08000dca   Section        0  stm32f10x_it.o(i.UsageFault_Handler)
    i._sys_exit                              0x08000dce   Section        0  usart.o(i._sys_exit)
    i.delay_init                             0x08000dd4   Section        0  delay.o(i.delay_init)
    i.fputc                                  0x08000e30   Section        0  usart.o(i.fputc)
    i.led0_task                              0x08000e4c   Section        0  main.o(i.led0_task)
    i.led1_task                              0x08000e6c   Section        0  main.o(i.led1_task)
    i.main                                   0x08000e94   Section        0  main.o(i.main)
    i.prvAddCurrentTaskToDelayedList         0x08000ee0   Section        0  tasks.o(i.prvAddCurrentTaskToDelayedList)
    prvAddCurrentTaskToDelayedList           0x08000ee1   Thumb Code   164  tasks.o(i.prvAddCurrentTaskToDelayedList)
    i.prvAddNewTaskToReadyList               0x08000fa0   Section        0  tasks.o(i.prvAddNewTaskToReadyList)
    prvAddNewTaskToReadyList                 0x08000fa1   Thumb Code   206  tasks.o(i.prvAddNewTaskToReadyList)
    i.prvCheckForValidListAndQueue           0x0800108c   Section        0  timers.o(i.prvCheckForValidListAndQueue)
    prvCheckForValidListAndQueue             0x0800108d   Thumb Code    72  timers.o(i.prvCheckForValidListAndQueue)
    i.prvCheckTasksWaitingTermination        0x080010f0   Section        0  tasks.o(i.prvCheckTasksWaitingTermination)
    prvCheckTasksWaitingTermination          0x080010f1   Thumb Code    60  tasks.o(i.prvCheckTasksWaitingTermination)
    i.prvCopyDataFromQueue                   0x08001138   Section        0  queue.o(i.prvCopyDataFromQueue)
    prvCopyDataFromQueue                     0x08001139   Thumb Code    42  queue.o(i.prvCopyDataFromQueue)
    i.prvCopyDataToQueue                     0x08001162   Section        0  queue.o(i.prvCopyDataToQueue)
    prvCopyDataToQueue                       0x08001163   Thumb Code   126  queue.o(i.prvCopyDataToQueue)
    i.prvDeleteTCB                           0x080011e0   Section        0  tasks.o(i.prvDeleteTCB)
    prvDeleteTCB                             0x080011e1   Thumb Code    18  tasks.o(i.prvDeleteTCB)
    i.prvGetNextExpireTime                   0x080011f4   Section        0  timers.o(i.prvGetNextExpireTime)
    prvGetNextExpireTime                     0x080011f5   Thumb Code    36  timers.o(i.prvGetNextExpireTime)
    i.prvHeapInit                            0x0800121c   Section        0  heap_4.o(i.prvHeapInit)
    prvHeapInit                              0x0800121d   Thumb Code    90  heap_4.o(i.prvHeapInit)
    i.prvIdleTask                            0x0800128c   Section        0  tasks.o(i.prvIdleTask)
    prvIdleTask                              0x0800128d   Thumb Code    32  tasks.o(i.prvIdleTask)
    i.prvInitialiseNewQueue                  0x080012b4   Section        0  queue.o(i.prvInitialiseNewQueue)
    prvInitialiseNewQueue                    0x080012b5   Thumb Code    46  queue.o(i.prvInitialiseNewQueue)
    i.prvInitialiseNewTask                   0x080012e4   Section        0  tasks.o(i.prvInitialiseNewTask)
    prvInitialiseNewTask                     0x080012e5   Thumb Code   184  tasks.o(i.prvInitialiseNewTask)
    i.prvInitialiseTaskLists                 0x080013c0   Section        0  tasks.o(i.prvInitialiseTaskLists)
    prvInitialiseTaskLists                   0x080013c1   Thumb Code    70  tasks.o(i.prvInitialiseTaskLists)
    i.prvInsertBlockIntoFreeList             0x08001428   Section        0  heap_4.o(i.prvInsertBlockIntoFreeList)
    prvInsertBlockIntoFreeList               0x08001429   Thumb Code    96  heap_4.o(i.prvInsertBlockIntoFreeList)
    i.prvInsertTimerInActiveList             0x08001490   Section        0  timers.o(i.prvInsertTimerInActiveList)
    prvInsertTimerInActiveList               0x08001491   Thumb Code    80  timers.o(i.prvInsertTimerInActiveList)
    i.prvIsQueueEmpty                        0x080014e8   Section        0  queue.o(i.prvIsQueueEmpty)
    prvIsQueueEmpty                          0x080014e9   Thumb Code    26  queue.o(i.prvIsQueueEmpty)
    i.prvNotifyQueueSetContainer             0x08001504   Section        0  queue.o(i.prvNotifyQueueSetContainer)
    prvNotifyQueueSetContainer               0x08001505   Thumb Code   154  queue.o(i.prvNotifyQueueSetContainer)
    i.prvProcessExpiredTimer                 0x080015c4   Section        0  timers.o(i.prvProcessExpiredTimer)
    prvProcessExpiredTimer                   0x080015c5   Thumb Code    62  timers.o(i.prvProcessExpiredTimer)
    i.prvProcessReceivedCommands             0x08001608   Section        0  timers.o(i.prvProcessReceivedCommands)
    prvProcessReceivedCommands               0x08001609   Thumb Code   306  timers.o(i.prvProcessReceivedCommands)
    i.prvProcessTimerOrBlockTask             0x08001768   Section        0  timers.o(i.prvProcessTimerOrBlockTask)
    prvProcessTimerOrBlockTask               0x08001769   Thumb Code   102  timers.o(i.prvProcessTimerOrBlockTask)
    i.prvReloadTimer                         0x080017dc   Section        0  timers.o(i.prvReloadTimer)
    prvReloadTimer                           0x080017dd   Thumb Code    40  timers.o(i.prvReloadTimer)
    i.prvResetNextTaskUnblockTime            0x08001804   Section        0  tasks.o(i.prvResetNextTaskUnblockTime)
    prvResetNextTaskUnblockTime              0x08001805   Thumb Code    40  tasks.o(i.prvResetNextTaskUnblockTime)
    i.prvSampleTimeNow                       0x08001834   Section        0  timers.o(i.prvSampleTimeNow)
    prvSampleTimeNow                         0x08001835   Thumb Code    40  timers.o(i.prvSampleTimeNow)
    i.prvSwitchTimerLists                    0x08001860   Section        0  timers.o(i.prvSwitchTimerLists)
    prvSwitchTimerLists                      0x08001861   Thumb Code    58  timers.o(i.prvSwitchTimerLists)
    i.prvTaskExitError                       0x080018a4   Section        0  port.o(i.prvTaskExitError)
    prvTaskExitError                         0x080018a5   Thumb Code    48  port.o(i.prvTaskExitError)
    i.prvTimerTask                           0x08001914   Section        0  timers.o(i.prvTimerTask)
    prvTimerTask                             0x08001915   Thumb Code    26  timers.o(i.prvTimerTask)
    i.prvUnlockQueue                         0x0800192e   Section        0  queue.o(i.prvUnlockQueue)
    prvUnlockQueue                           0x0800192f   Thumb Code   144  queue.o(i.prvUnlockQueue)
    i.pvPortMalloc                           0x080019c0   Section        0  heap_4.o(i.pvPortMalloc)
    i.pxPortInitialiseStack                  0x08001b10   Section        0  port.o(i.pxPortInitialiseStack)
    i.start_task                             0x08001b34   Section        0  main.o(i.start_task)
    i.uart_init                              0x08001ba0   Section        0  usart.o(i.uart_init)
    i.uxListRemove                           0x08001c40   Section        0  list.o(i.uxListRemove)
    i.uxTaskGetNumberOfTasks                 0x08001c68   Section        0  tasks.o(i.uxTaskGetNumberOfTasks)
    i.vListInitialise                        0x08001c74   Section        0  list.o(i.vListInitialise)
    i.vListInitialiseItem                    0x08001c8e   Section        0  list.o(i.vListInitialiseItem)
    i.vListInsert                            0x08001c94   Section        0  list.o(i.vListInsert)
    i.vListInsertEnd                         0x08001cc8   Section        0  list.o(i.vListInsertEnd)
    i.vPortEnterCritical                     0x08001ce0   Section        0  port.o(i.vPortEnterCritical)
    i.vPortExitCritical                      0x08001d68   Section        0  port.o(i.vPortExitCritical)
    i.vPortFree                              0x08001dd8   Section        0  heap_4.o(i.vPortFree)
    i.vPortSetupTimerInterrupt               0x08001e88   Section        0  port.o(i.vPortSetupTimerInterrupt)
    i.vQueueAddToRegistry                    0x08001eb0   Section        0  queue.o(i.vQueueAddToRegistry)
    i.vQueueWaitForMessageRestricted         0x08001f2c   Section        0  queue.o(i.vQueueWaitForMessageRestricted)
    i.vTaskDelay                             0x08001f78   Section        0  tasks.o(i.vTaskDelay)
    i.vTaskDelete                            0x08001fec   Section        0  tasks.o(i.vTaskDelete)
    i.vTaskInternalSetTimeOutState           0x08002100   Section        0  tasks.o(i.vTaskInternalSetTimeOutState)
    i.vTaskMissedYield                       0x08002118   Section        0  tasks.o(i.vTaskMissedYield)
    i.vTaskPlaceOnEventList                  0x08002124   Section        0  tasks.o(i.vTaskPlaceOnEventList)
    i.vTaskPlaceOnEventListRestricted        0x08002178   Section        0  tasks.o(i.vTaskPlaceOnEventListRestricted)
    i.vTaskStartScheduler                    0x080021f4   Section        0  tasks.o(i.vTaskStartScheduler)
    i.vTaskSuspendAll                        0x080022a8   Section        0  tasks.o(i.vTaskSuspendAll)
    i.vTaskSwitchContext                     0x080022b8   Section        0  tasks.o(i.vTaskSwitchContext)
    i.xPortStartScheduler                    0x08002360   Section        0  port.o(i.xPortStartScheduler)
    i.xPortSysTickHandler                    0x080024a0   Section        0  port.o(i.xPortSysTickHandler)
    i.xQueueGenericCreate                    0x080024d4   Section        0  queue.o(i.xQueueGenericCreate)
    i.xQueueGenericReset                     0x08002554   Section        0  queue.o(i.xQueueGenericReset)
    i.xQueueReceive                          0x08002640   Section        0  queue.o(i.xQueueReceive)
    i.xTaskCheckForTimeOut                   0x080027b0   Section        0  tasks.o(i.xTaskCheckForTimeOut)
    i.xTaskCreate                            0x08002850   Section        0  tasks.o(i.xTaskCreate)
    i.xTaskGetSchedulerState                 0x080028b8   Section        0  tasks.o(i.xTaskGetSchedulerState)
    i.xTaskGetTickCount                      0x080028d8   Section        0  tasks.o(i.xTaskGetTickCount)
    i.xTaskIncrementTick                     0x080028e4   Section        0  tasks.o(i.xTaskIncrementTick)
    i.xTaskPriorityDisinherit                0x08002ab8   Section        0  tasks.o(i.xTaskPriorityDisinherit)
    i.xTaskRemoveFromEventList               0x08002bb8   Section        0  tasks.o(i.xTaskRemoveFromEventList)
    i.xTaskResumeAll                         0x08002cf4   Section        0  tasks.o(i.xTaskResumeAll)
    i.xTimerCreateTimerTask                  0x08002e84   Section        0  timers.o(i.xTimerCreateTimerTask)
    .data                                    0x20000000   Section       12  main.o(.data)
    .data                                    0x2000000c   Section       20  system_stm32f10x.o(.data)
    .data                                    0x20000020   Section        4  delay.o(.data)
    fac_us                                   0x20000020   Data           1  delay.o(.data)
    fac_ms                                   0x20000022   Data           2  delay.o(.data)
    .data                                    0x20000024   Section        6  usart.o(.data)
    .data                                    0x2000002a   Section       20  stm32f10x_rcc.o(.data)
    APBAHBPrescTable                         0x2000002a   Data          16  stm32f10x_rcc.o(.data)
    ADCPrescTable                            0x2000003a   Data           4  stm32f10x_rcc.o(.data)
    .data                                    0x20000040   Section       64  tasks.o(.data)
    pxDelayedTaskList                        0x20000044   Data           4  tasks.o(.data)
    pxOverflowDelayedTaskList                0x20000048   Data           4  tasks.o(.data)
    uxDeletedTasksWaitingCleanUp             0x2000004c   Data           4  tasks.o(.data)
    uxCurrentNumberOfTasks                   0x20000050   Data           4  tasks.o(.data)
    xTickCount                               0x20000054   Data           4  tasks.o(.data)
    uxTopReadyPriority                       0x20000058   Data           4  tasks.o(.data)
    xSchedulerRunning                        0x2000005c   Data           4  tasks.o(.data)
    xPendedTicks                             0x20000060   Data           4  tasks.o(.data)
    xYieldPending                            0x20000064   Data           4  tasks.o(.data)
    xNumOfOverflows                          0x20000068   Data           4  tasks.o(.data)
    uxTaskNumber                             0x2000006c   Data           4  tasks.o(.data)
    xNextTaskUnblockTime                     0x20000070   Data           4  tasks.o(.data)
    xIdleTaskHandle                          0x20000074   Data           4  tasks.o(.data)
    uxSchedulerSuspended                     0x2000007c   Data           4  tasks.o(.data)
    .data                                    0x20000080   Section       20  timers.o(.data)
    pxCurrentTimerList                       0x20000080   Data           4  timers.o(.data)
    pxOverflowTimerList                      0x20000084   Data           4  timers.o(.data)
    xTimerQueue                              0x20000088   Data           4  timers.o(.data)
    xTimerTaskHandle                         0x2000008c   Data           4  timers.o(.data)
    xLastTime                                0x20000090   Data           4  timers.o(.data)
    .data                                    0x20000094   Section       12  port.o(.data)
    uxCriticalNesting                        0x20000094   Data           4  port.o(.data)
    ucMaxSysCallPriority                     0x20000098   Data           1  port.o(.data)
    ulMaxPRIGROUPValue                       0x2000009c   Data           4  port.o(.data)
    .data                                    0x200000a0   Section       28  heap_4.o(.data)
    xStart                                   0x200000a0   Data           8  heap_4.o(.data)
    pxEnd                                    0x200000a8   Data           4  heap_4.o(.data)
    xFreeBytesRemaining                      0x200000ac   Data           4  heap_4.o(.data)
    xMinimumEverFreeBytesRemaining           0x200000b0   Data           4  heap_4.o(.data)
    xNumberOfSuccessfulAllocations           0x200000b4   Data           4  heap_4.o(.data)
    xNumberOfSuccessfulFrees                 0x200000b8   Data           4  heap_4.o(.data)
    .bss                                     0x200000bc   Section      200  usart.o(.bss)
    .bss                                     0x20000184   Section       64  queue.o(.bss)
    .bss                                     0x200001c4   Section      740  tasks.o(.bss)
    pxReadyTasksLists                        0x200001c4   Data         640  tasks.o(.bss)
    xDelayedTaskList1                        0x20000444   Data          20  tasks.o(.bss)
    xDelayedTaskList2                        0x20000458   Data          20  tasks.o(.bss)
    xPendingReadyList                        0x2000046c   Data          20  tasks.o(.bss)
    xTasksWaitingTermination                 0x20000480   Data          20  tasks.o(.bss)
    xSuspendedTaskList                       0x20000494   Data          20  tasks.o(.bss)
    .bss                                     0x200004a8   Section       40  timers.o(.bss)
    xActiveTimerList1                        0x200004a8   Data          20  timers.o(.bss)
    xActiveTimerList2                        0x200004bc   Data          20  timers.o(.bss)
    .bss                                     0x200004d0   Section    20480  heap_4.o(.bss)
    ucHeap                                   0x200004d0   Data       20480  heap_4.o(.bss)
    .bss                                     0x200054d0   Section       96  libspace.o(.bss)
    HEAP                                     0x20005530   Section      512  startup_stm32f10x_hd.o(HEAP)
    Heap_Mem                                 0x20005530   Data         512  startup_stm32f10x_hd.o(HEAP)
    STACK                                    0x20005730   Section     1024  startup_stm32f10x_hd.o(STACK)
    Stack_Mem                                0x20005730   Data        1024  startup_stm32f10x_hd.o(STACK)
    __initial_sp                             0x20005b30   Data           0  startup_stm32f10x_hd.o(STACK)

    Global Symbols

    Symbol Name                              Value     Ov Type        Size  Object(Section)

    BuildAttributes$$THM_ISAv4$P$D$K$B$S$PE$A:L22UL41UL21$X:L11$S22US41US21$IEEE1$IW$USESV6$~STKCKD$USESV7$~SHL$OSPACE$ROPI$EBA8$UX$STANDARDLIB$REQ8$PRES8$EABIv2 0x00000000   Number         0  anon$$obj.o ABSOLUTE
    __ARM_use_no_argv                        0x00000000   Number         0  main.o ABSOLUTE
    __ARM_exceptions_init                     - Undefined Weak Reference
    __alloca_initialize                       - Undefined Weak Reference
    __arm_preinit_                            - Undefined Weak Reference
    __cpp_initialize__aeabi_                  - Undefined Weak Reference
    __cxa_finalize                            - Undefined Weak Reference
    __rt_locale                               - Undefined Weak Reference
    __sigvec_lookup                           - Undefined Weak Reference
    _atexit_init                              - Undefined Weak Reference
    _call_atexit_fns                          - Undefined Weak Reference
    _clock_init                               - Undefined Weak Reference
    _fp_trap_init                             - Undefined Weak Reference
    _fp_trap_shutdown                         - Undefined Weak Reference
    _get_lc_collate                           - Undefined Weak Reference
    _get_lc_ctype                             - Undefined Weak Reference
    _get_lc_monetary                          - Undefined Weak Reference
    _get_lc_numeric                           - Undefined Weak Reference
    _get_lc_time                              - Undefined Weak Reference
    _getenv_init                              - Undefined Weak Reference
    _handle_redirection                       - Undefined Weak Reference
    _init_alloc                               - Undefined Weak Reference
    _init_user_alloc                          - Undefined Weak Reference
    _initio                                   - Undefined Weak Reference
    _mutex_acquire                            - Undefined Weak Reference
    _mutex_release                            - Undefined Weak Reference
    _printf_mbtowc                            - Undefined Weak Reference
    _printf_post_padding                      - Undefined Weak Reference
    _printf_pre_padding                       - Undefined Weak Reference
    _printf_truncate_signed                   - Undefined Weak Reference
    _printf_truncate_unsigned                 - Undefined Weak Reference
    _rand_init                                - Undefined Weak Reference
    _signal_finish                            - Undefined Weak Reference
    _signal_init                              - Undefined Weak Reference
    _terminate_alloc                          - Undefined Weak Reference
    _terminate_user_alloc                     - Undefined Weak Reference
    _terminateio                              - Undefined Weak Reference
    __Vectors_Size                           0x00000130   Number         0  startup_stm32f10x_hd.o ABSOLUTE
    __Vectors                                0x08000000   Data           4  startup_stm32f10x_hd.o(RESET)
    __Vectors_End                            0x08000130   Data           0  startup_stm32f10x_hd.o(RESET)
    __main                                   0x08000131   Thumb Code     8  __main.o(!!!main)
    __scatterload                            0x08000139   Thumb Code     0  __scatter.o(!!!scatter)
    __scatterload_rt2                        0x08000139   Thumb Code    44  __scatter.o(!!!scatter)
    __scatterload_rt2_thumb_only             0x08000139   Thumb Code     0  __scatter.o(!!!scatter)
    __scatterload_null                       0x08000147   Thumb Code     0  __scatter.o(!!!scatter)
    __scatterload_copy                       0x0800016d   Thumb Code    26  __scatter_copy.o(!!handler_copy)
    __scatterload_zeroinit                   0x08000189   Thumb Code    28  __scatter_zi.o(!!handler_zi)
    _printf_d                                0x080001a5   Thumb Code     0  _printf_d.o(.ARM.Collect$$_printf_percent$$00000009)
    _printf_percent                          0x080001a5   Thumb Code     0  _printf_percent.o(.ARM.Collect$$_printf_percent$$00000000)
    _printf_s                                0x080001ab   Thumb Code     0  _printf_s.o(.ARM.Collect$$_printf_percent$$00000014)
    _printf_percent_end                      0x080001b1   Thumb Code     0  _printf_percent_end.o(.ARM.Collect$$_printf_percent$$00000017)
    __rt_lib_init                            0x080001b5   Thumb Code     0  libinit.o(.ARM.Collect$$libinit$$00000000)
    __rt_lib_init_alloca_1                   0x080001b7   Thumb Code     0  libinit2.o(.ARM.Collect$$libinit$$0000002E)
    __rt_lib_init_argv_1                     0x080001b7   Thumb Code     0  libinit2.o(.ARM.Collect$$libinit$$0000002C)
    __rt_lib_init_atexit_1                   0x080001b7   Thumb Code     0  libinit2.o(.ARM.Collect$$libinit$$0000001B)
    __rt_lib_init_clock_1                    0x080001b7   Thumb Code     0  libinit2.o(.ARM.Collect$$libinit$$00000021)
    __rt_lib_init_cpp_1                      0x080001b7   Thumb Code     0  libinit2.o(.ARM.Collect$$libinit$$00000032)
    __rt_lib_init_exceptions_1               0x080001b7   Thumb Code     0  libinit2.o(.ARM.Collect$$libinit$$00000030)
    __rt_lib_init_fp_1                       0x080001b7   Thumb Code     0  libinit2.o(.ARM.Collect$$libinit$$00000002)
    __rt_lib_init_fp_trap_1                  0x080001b7   Thumb Code     0  libinit2.o(.ARM.Collect$$libinit$$0000001F)
    __rt_lib_init_getenv_1                   0x080001b7   Thumb Code     0  libinit2.o(.ARM.Collect$$libinit$$00000023)
    __rt_lib_init_heap_1                     0x080001b7   Thumb Code     0  libinit2.o(.ARM.Collect$$libinit$$0000000A)
    __rt_lib_init_lc_collate_1               0x080001b7   Thumb Code     0  libinit2.o(.ARM.Collect$$libinit$$00000011)
    __rt_lib_init_lc_ctype_1                 0x080001b7   Thumb Code     0  libinit2.o(.ARM.Collect$$libinit$$00000013)
    __rt_lib_init_lc_monetary_1              0x080001b7   Thumb Code     0  libinit2.o(.ARM.Collect$$libinit$$00000015)
    __rt_lib_init_lc_numeric_1               0x080001b7   Thumb Code     0  libinit2.o(.ARM.Collect$$libinit$$00000017)
    __rt_lib_init_lc_time_1                  0x080001b7   Thumb Code     0  libinit2.o(.ARM.Collect$$libinit$$00000019)
    __rt_lib_init_preinit_1                  0x080001b7   Thumb Code     0  libinit2.o(.ARM.Collect$$libinit$$00000004)
    __rt_lib_init_rand_1                     0x080001b7   Thumb Code     0  libinit2.o(.ARM.Collect$$libinit$$0000000E)
    __rt_lib_init_return                     0x080001b7   Thumb Code     0  libinit2.o(.ARM.Collect$$libinit$$00000033)
    __rt_lib_init_signal_1                   0x080001b7   Thumb Code     0  libinit2.o(.ARM.Collect$$libinit$$0000001D)
    __rt_lib_init_stdio_1                    0x080001b7   Thumb Code     0  libinit2.o(.ARM.Collect$$libinit$$00000025)
    __rt_lib_init_user_alloc_1               0x080001b7   Thumb Code     0  libinit2.o(.ARM.Collect$$libinit$$0000000C)
    __rt_lib_shutdown                        0x080001b9   Thumb Code     0  libshutdown.o(.ARM.Collect$$libshutdown$$00000000)
    __rt_lib_shutdown_fp_trap_1              0x080001bb   Thumb Code     0  libshutdown2.o(.ARM.Collect$$libshutdown$$00000006)
    __rt_lib_shutdown_heap_1                 0x080001bb   Thumb Code     0  libshutdown2.o(.ARM.Collect$$libshutdown$$0000000E)
    __rt_lib_shutdown_return                 0x080001bb   Thumb Code     0  libshutdown2.o(.ARM.Collect$$libshutdown$$0000000F)
    __rt_lib_shutdown_signal_1               0x080001bb   Thumb Code     0  libshutdown2.o(.ARM.Collect$$libshutdown$$00000009)
    __rt_lib_shutdown_stdio_1                0x080001bb   Thumb Code     0  libshutdown2.o(.ARM.Collect$$libshutdown$$00000003)
    __rt_lib_shutdown_user_alloc_1           0x080001bb   Thumb Code     0  libshutdown2.o(.ARM.Collect$$libshutdown$$0000000B)
    __rt_entry                               0x080001bd   Thumb Code     0  __rtentry.o(.ARM.Collect$$rtentry$$00000000)
    __rt_entry_presh_1                       0x080001bd   Thumb Code     0  __rtentry2.o(.ARM.Collect$$rtentry$$00000002)
    __rt_entry_sh                            0x080001bd   Thumb Code     0  __rtentry4.o(.ARM.Collect$$rtentry$$00000004)
    __rt_entry_li                            0x080001c3   Thumb Code     0  __rtentry2.o(.ARM.Collect$$rtentry$$0000000A)
    __rt_entry_postsh_1                      0x080001c3   Thumb Code     0  __rtentry2.o(.ARM.Collect$$rtentry$$00000009)
    __rt_entry_main                          0x080001c7   Thumb Code     0  __rtentry2.o(.ARM.Collect$$rtentry$$0000000D)
    __rt_entry_postli_1                      0x080001c7   Thumb Code     0  __rtentry2.o(.ARM.Collect$$rtentry$$0000000C)
    __rt_exit                                0x080001cf   Thumb Code     0  rtexit.o(.ARM.Collect$$rtexit$$00000000)
    __rt_exit_ls                             0x080001d1   Thumb Code     0  rtexit2.o(.ARM.Collect$$rtexit$$00000003)
    __rt_exit_prels_1                        0x080001d1   Thumb Code     0  rtexit2.o(.ARM.Collect$$rtexit$$00000002)
    __rt_exit_exit                           0x080001d5   Thumb Code     0  rtexit2.o(.ARM.Collect$$rtexit$$00000004)
    SVC_Handler                              0x080001dd   Thumb Code    32  port.o(.emb_text)
    __asm___6_port_c_39a90d8d__prvStartFirstTask 0x08000201   Thumb Code    28  port.o(.emb_text)
    PendSV_Handler                           0x08000221   Thumb Code    72  port.o(.emb_text)
    vPortGetIPSR                             0x0800026d   Thumb Code     6  port.o(.emb_text)
    Reset_Handler                            0x08000275   Thumb Code     8  startup_stm32f10x_hd.o(.text)
    ADC1_2_IRQHandler                        0x0800028f   Thumb Code     0  startup_stm32f10x_hd.o(.text)
    ADC3_IRQHandler                          0x0800028f   Thumb Code     0  startup_stm32f10x_hd.o(.text)
    CAN1_RX1_IRQHandler                      0x0800028f   Thumb Code     0  startup_stm32f10x_hd.o(.text)
    CAN1_SCE_IRQHandler                      0x0800028f   Thumb Code     0  startup_stm32f10x_hd.o(.text)
    DMA1_Channel1_IRQHandler                 0x0800028f   Thumb Code     0  startup_stm32f10x_hd.o(.text)
    DMA1_Channel2_IRQHandler                 0x0800028f   Thumb Code     0  startup_stm32f10x_hd.o(.text)
    DMA1_Channel3_IRQHandler                 0x0800028f   Thumb Code     0  startup_stm32f10x_hd.o(.text)
    DMA1_Channel4_IRQHandler                 0x0800028f   Thumb Code     0  startup_stm32f10x_hd.o(.text)
    DMA1_Channel5_IRQHandler                 0x0800028f   Thumb Code     0  startup_stm32f10x_hd.o(.text)
    DMA1_Channel6_IRQHandler                 0x0800028f   Thumb Code     0  startup_stm32f10x_hd.o(.text)
    DMA1_Channel7_IRQHandler                 0x0800028f   Thumb Code     0  startup_stm32f10x_hd.o(.text)
    DMA2_Channel1_IRQHandler                 0x0800028f   Thumb Code     0  startup_stm32f10x_hd.o(.text)
    DMA2_Channel2_IRQHandler                 0x0800028f   Thumb Code     0  startup_stm32f10x_hd.o(.text)
    DMA2_Channel3_IRQHandler                 0x0800028f   Thumb Code     0  startup_stm32f10x_hd.o(.text)
    DMA2_Channel4_5_IRQHandler               0x0800028f   Thumb Code     0  startup_stm32f10x_hd.o(.text)
    EXTI0_IRQHandler                         0x0800028f   Thumb Code     0  startup_stm32f10x_hd.o(.text)
    EXTI15_10_IRQHandler                     0x0800028f   Thumb Code     0  startup_stm32f10x_hd.o(.text)
    EXTI1_IRQHandler                         0x0800028f   Thumb Code     0  startup_stm32f10x_hd.o(.text)
    EXTI2_IRQHandler                         0x0800028f   Thumb Code     0  startup_stm32f10x_hd.o(.text)
    EXTI3_IRQHandler                         0x0800028f   Thumb Code     0  startup_stm32f10x_hd.o(.text)
    EXTI4_IRQHandler                         0x0800028f   Thumb Code     0  startup_stm32f10x_hd.o(.text)
    EXTI9_5_IRQHandler                       0x0800028f   Thumb Code     0  startup_stm32f10x_hd.o(.text)
    FLASH_IRQHandler                         0x0800028f   Thumb Code     0  startup_stm32f10x_hd.o(.text)
    FSMC_IRQHandler                          0x0800028f   Thumb Code     0  startup_stm32f10x_hd.o(.text)
    I2C1_ER_IRQHandler                       0x0800028f   Thumb Code     0  startup_stm32f10x_hd.o(.text)
    I2C1_EV_IRQHandler                       0x0800028f   Thumb Code     0  startup_stm32f10x_hd.o(.text)
    I2C2_ER_IRQHandler                       0x0800028f   Thumb Code     0  startup_stm32f10x_hd.o(.text)
    I2C2_EV_IRQHandler                       0x0800028f   Thumb Code     0  startup_stm32f10x_hd.o(.text)
    PVD_IRQHandler                           0x0800028f   Thumb Code     0  startup_stm32f10x_hd.o(.text)
    RCC_IRQHandler                           0x0800028f   Thumb Code     0  startup_stm32f10x_hd.o(.text)
    RTCAlarm_IRQHandler                      0x0800028f   Thumb Code     0  startup_stm32f10x_hd.o(.text)
    RTC_IRQHandler                           0x0800028f   Thumb Code     0  startup_stm32f10x_hd.o(.text)
    SDIO_IRQHandler                          0x0800028f   Thumb Code     0  startup_stm32f10x_hd.o(.text)
    SPI1_IRQHandler                          0x0800028f   Thumb Code     0  startup_stm32f10x_hd.o(.text)
    SPI2_IRQHandler                          0x0800028f   Thumb Code     0  startup_stm32f10x_hd.o(.text)
    SPI3_IRQHandler                          0x0800028f   Thumb Code     0  startup_stm32f10x_hd.o(.text)
    TAMPER_IRQHandler                        0x0800028f   Thumb Code     0  startup_stm32f10x_hd.o(.text)
    TIM1_BRK_IRQHandler                      0x0800028f   Thumb Code     0  startup_stm32f10x_hd.o(.text)
    TIM1_CC_IRQHandler                       0x0800028f   Thumb Code     0  startup_stm32f10x_hd.o(.text)
    TIM1_TRG_COM_IRQHandler                  0x0800028f   Thumb Code     0  startup_stm32f10x_hd.o(.text)
    TIM1_UP_IRQHandler                       0x0800028f   Thumb Code     0  startup_stm32f10x_hd.o(.text)
    TIM2_IRQHandler                          0x0800028f   Thumb Code     0  startup_stm32f10x_hd.o(.text)
    TIM3_IRQHandler                          0x0800028f   Thumb Code     0  startup_stm32f10x_hd.o(.text)
    TIM4_IRQHandler                          0x0800028f   Thumb Code     0  startup_stm32f10x_hd.o(.text)
    TIM5_IRQHandler                          0x0800028f   Thumb Code     0  startup_stm32f10x_hd.o(.text)
    TIM6_IRQHandler                          0x0800028f   Thumb Code     0  startup_stm32f10x_hd.o(.text)
    TIM7_IRQHandler                          0x0800028f   Thumb Code     0  startup_stm32f10x_hd.o(.text)
    TIM8_BRK_IRQHandler                      0x0800028f   Thumb Code     0  startup_stm32f10x_hd.o(.text)
    TIM8_CC_IRQHandler                       0x0800028f   Thumb Code     0  startup_stm32f10x_hd.o(.text)
    TIM8_TRG_COM_IRQHandler                  0x0800028f   Thumb Code     0  startup_stm32f10x_hd.o(.text)
    TIM8_UP_IRQHandler                       0x0800028f   Thumb Code     0  startup_stm32f10x_hd.o(.text)
    UART4_IRQHandler                         0x0800028f   Thumb Code     0  startup_stm32f10x_hd.o(.text)
    UART5_IRQHandler                         0x0800028f   Thumb Code     0  startup_stm32f10x_hd.o(.text)
    USART2_IRQHandler                        0x0800028f   Thumb Code     0  startup_stm32f10x_hd.o(.text)
    USART3_IRQHandler                        0x0800028f   Thumb Code     0  startup_stm32f10x_hd.o(.text)
    USBWakeUp_IRQHandler                     0x0800028f   Thumb Code     0  startup_stm32f10x_hd.o(.text)
    USB_HP_CAN1_TX_IRQHandler                0x0800028f   Thumb Code     0  startup_stm32f10x_hd.o(.text)
    USB_LP_CAN1_RX0_IRQHandler               0x0800028f   Thumb Code     0  startup_stm32f10x_hd.o(.text)
    WWDG_IRQHandler                          0x0800028f   Thumb Code     0  startup_stm32f10x_hd.o(.text)
    __user_initial_stackheap                 0x08000291   Thumb Code     0  startup_stm32f10x_hd.o(.text)
    __use_no_semihosting                     0x080002b5   Thumb Code     2  use_no_semi_2.o(.text)
    __2printf                                0x080002b9   Thumb Code    20  noretval__2printf.o(.text)
    __printf                                 0x080002d1   Thumb Code   104  __printf.o(.text)
    _printf_str                              0x08000339   Thumb Code    82  _printf_str.o(.text)
    _printf_int_dec                          0x0800038d   Thumb Code   104  _printf_dec.o(.text)
    __aeabi_memcpy                           0x08000405   Thumb Code     0  rt_memcpy_v6.o(.text)
    __rt_memcpy                              0x08000405   Thumb Code   138  rt_memcpy_v6.o(.text)
    _memcpy_lastbytes                        0x0800046b   Thumb Code     0  rt_memcpy_v6.o(.text)
    __aeabi_memset                           0x0800048f   Thumb Code    16  aeabi_memset.o(.text)
    __aeabi_memclr                           0x0800049f   Thumb Code     0  rt_memclr.o(.text)
    __rt_memclr                              0x0800049f   Thumb Code    68  rt_memclr.o(.text)
    _memset                                  0x080004a3   Thumb Code     0  rt_memclr.o(.text)
    __aeabi_memclr4                          0x080004e3   Thumb Code     0  rt_memclr_w.o(.text)
    __aeabi_memclr8                          0x080004e3   Thumb Code     0  rt_memclr_w.o(.text)
    __rt_memclr_w                            0x080004e3   Thumb Code    78  rt_memclr_w.o(.text)
    _memset_w                                0x080004e7   Thumb Code     0  rt_memclr_w.o(.text)
    __use_two_region_memory                  0x08000531   Thumb Code     2  heapauxi.o(.text)
    __rt_heap_escrow$2region                 0x08000533   Thumb Code     2  heapauxi.o(.text)
    __rt_heap_expand$2region                 0x08000535   Thumb Code     2  heapauxi.o(.text)
    __I$use$semihosting                      0x08000537   Thumb Code     0  use_no_semi.o(.text)
    __use_no_semihosting_swi                 0x08000537   Thumb Code     2  use_no_semi.o(.text)
    _printf_int_common                       0x08000539   Thumb Code   178  _printf_intcommon.o(.text)
    _printf_char_common                      0x080005f7   Thumb Code    32  _printf_char_common.o(.text)
    _printf_cs_common                        0x0800061d   Thumb Code    20  _printf_char.o(.text)
    _printf_char                             0x08000631   Thumb Code    16  _printf_char.o(.text)
    _printf_string                           0x08000641   Thumb Code     8  _printf_char.o(.text)
    _printf_char_file                        0x08000649   Thumb Code    32  _printf_char_file.o(.text)
    __aeabi_memcpy4                          0x0800066d   Thumb Code     0  rt_memcpy_w.o(.text)
    __aeabi_memcpy8                          0x0800066d   Thumb Code     0  rt_memcpy_w.o(.text)
    __rt_memcpy_w                            0x0800066d   Thumb Code   100  rt_memcpy_w.o(.text)
    _memcpy_lastbytes_aligned                0x080006b5   Thumb Code     0  rt_memcpy_w.o(.text)
    ferror                                   0x080006d1   Thumb Code     8  ferror.o(.text)
    __user_setup_stackheap                   0x080006d9   Thumb Code    74  sys_stackheap_outer.o(.text)
    exit                                     0x08000723   Thumb Code    12  exit.o(.text)
    __user_libspace                          0x08000731   Thumb Code     8  libspace.o(.text)
    __user_perproc_libspace                  0x08000731   Thumb Code     0  libspace.o(.text)
    __user_perthread_libspace                0x08000731   Thumb Code     0  libspace.o(.text)
    BusFault_Handler                         0x08000739   Thumb Code     4  stm32f10x_it.o(i.BusFault_Handler)
    DebugMon_Handler                         0x0800073d   Thumb Code     2  stm32f10x_it.o(i.DebugMon_Handler)
    GPIO_Init                                0x0800073f   Thumb Code   278  stm32f10x_gpio.o(i.GPIO_Init)
    GPIO_SetBits                             0x08000855   Thumb Code     4  stm32f10x_gpio.o(i.GPIO_SetBits)
    HardFault_Handler                        0x08000859   Thumb Code     4  stm32f10x_it.o(i.HardFault_Handler)
    LED_Init                                 0x0800085d   Thumb Code    68  led.o(i.LED_Init)
    MemManage_Handler                        0x080008a9   Thumb Code     4  stm32f10x_it.o(i.MemManage_Handler)
    NMI_Handler                              0x080008ad   Thumb Code     2  stm32f10x_it.o(i.NMI_Handler)
    NVIC_Init                                0x080008b1   Thumb Code   100  misc.o(i.NVIC_Init)
    NVIC_PriorityGroupConfig                 0x08000921   Thumb Code    10  misc.o(i.NVIC_PriorityGroupConfig)
    RCC_APB2PeriphClockCmd                   0x08000935   Thumb Code    26  stm32f10x_rcc.o(i.RCC_APB2PeriphClockCmd)
    RCC_GetClocksFreq                        0x08000955   Thumb Code   192  stm32f10x_rcc.o(i.RCC_GetClocksFreq)
    SysTick_CLKSourceConfig                  0x08000b11   Thumb Code    40  misc.o(i.SysTick_CLKSourceConfig)
    SysTick_Handler                          0x08000b39   Thumb Code    16  delay.o(i.SysTick_Handler)
    SystemInit                               0x08000b49   Thumb Code    78  system_stm32f10x.o(i.SystemInit)
    USART1_IRQHandler                        0x08000ba9   Thumb Code   122  usart.o(i.USART1_IRQHandler)
    USART_Cmd                                0x08000c31   Thumb Code    24  stm32f10x_usart.o(i.USART_Cmd)
    USART_GetITStatus                        0x08000c49   Thumb Code    84  stm32f10x_usart.o(i.USART_GetITStatus)
    USART_ITConfig                           0x08000c9d   Thumb Code    74  stm32f10x_usart.o(i.USART_ITConfig)
    USART_Init                               0x08000ce9   Thumb Code   210  stm32f10x_usart.o(i.USART_Init)
    USART_ReceiveData                        0x08000dc1   Thumb Code    10  stm32f10x_usart.o(i.USART_ReceiveData)
    UsageFault_Handler                       0x08000dcb   Thumb Code     4  stm32f10x_it.o(i.UsageFault_Handler)
    _sys_exit                                0x08000dcf   Thumb Code     4  usart.o(i._sys_exit)
    delay_init                               0x08000dd5   Thumb Code    74  delay.o(i.delay_init)
    fputc                                    0x08000e31   Thumb Code    24  usart.o(i.fputc)
    led0_task                                0x08000e4d   Thumb Code    24  main.o(i.led0_task)
    led1_task                                0x08000e6d   Thumb Code    32  main.o(i.led1_task)
    main                                     0x08000e95   Thumb Code    54  main.o(i.main)
    pvPortMalloc                             0x080019c1   Thumb Code   258  heap_4.o(i.pvPortMalloc)
    pxPortInitialiseStack                    0x08001b11   Thumb Code    30  port.o(i.pxPortInitialiseStack)
    start_task                               0x08001b35   Thumb Code    62  main.o(i.start_task)
    uart_init                                0x08001ba1   Thumb Code   152  usart.o(i.uart_init)
    uxListRemove                             0x08001c41   Thumb Code    40  list.o(i.uxListRemove)
    uxTaskGetNumberOfTasks                   0x08001c69   Thumb Code     6  tasks.o(i.uxTaskGetNumberOfTasks)
    vListInitialise                          0x08001c75   Thumb Code    26  list.o(i.vListInitialise)
    vListInitialiseItem                      0x08001c8f   Thumb Code     6  list.o(i.vListInitialiseItem)
    vListInsert                              0x08001c95   Thumb Code    52  list.o(i.vListInsert)
    vListInsertEnd                           0x08001cc9   Thumb Code    24  list.o(i.vListInsertEnd)
    vPortEnterCritical                       0x08001ce1   Thumb Code    68  port.o(i.vPortEnterCritical)
    vPortExitCritical                        0x08001d69   Thumb Code    48  port.o(i.vPortExitCritical)
    vPortFree                                0x08001dd9   Thumb Code   112  heap_4.o(i.vPortFree)
    vPortSetupTimerInterrupt                 0x08001e89   Thumb Code    36  port.o(i.vPortSetupTimerInterrupt)
    vQueueAddToRegistry                      0x08001eb1   Thumb Code    84  queue.o(i.vQueueAddToRegistry)
    vQueueWaitForMessageRestricted           0x08001f2d   Thumb Code    74  queue.o(i.vQueueWaitForMessageRestricted)
    vTaskDelay                               0x08001f79   Thumb Code    72  tasks.o(i.vTaskDelay)
    vTaskDelete                              0x08001fed   Thumb Code   200  tasks.o(i.vTaskDelete)
    vTaskInternalSetTimeOutState             0x08002101   Thumb Code    14  tasks.o(i.vTaskInternalSetTimeOutState)
    vTaskMissedYield                         0x08002119   Thumb Code     8  tasks.o(i.vTaskMissedYield)
    vTaskPlaceOnEventList                    0x08002125   Thumb Code    42  tasks.o(i.vTaskPlaceOnEventList)
    vTaskPlaceOnEventListRestricted          0x08002179   Thumb Code    84  tasks.o(i.vTaskPlaceOnEventListRestricted)
    vTaskStartScheduler                      0x080021f5   Thumb Code   112  tasks.o(i.vTaskStartScheduler)
    vTaskSuspendAll                          0x080022a9   Thumb Code    12  tasks.o(i.vTaskSuspendAll)
    vTaskSwitchContext                       0x080022b9   Thumb Code   110  tasks.o(i.vTaskSwitchContext)
    xPortStartScheduler                      0x08002361   Thumb Code   240  port.o(i.xPortStartScheduler)
    xPortSysTickHandler                      0x080024a1   Thumb Code    46  port.o(i.xPortSysTickHandler)
    xQueueGenericCreate                      0x080024d5   Thumb Code    92  queue.o(i.xQueueGenericCreate)
    xQueueGenericReset                       0x08002555   Thumb Code   194  queue.o(i.xQueueGenericReset)
    xQueueReceive                            0x08002641   Thumb Code   326  queue.o(i.xQueueReceive)
    xTaskCheckForTimeOut                     0x080027b1   Thumb Code   116  tasks.o(i.xTaskCheckForTimeOut)
    xTaskCreate                              0x08002851   Thumb Code   104  tasks.o(i.xTaskCreate)
    xTaskGetSchedulerState                   0x080028b9   Thumb Code    24  tasks.o(i.xTaskGetSchedulerState)
    xTaskGetTickCount                        0x080028d9   Thumb Code     6  tasks.o(i.xTaskGetTickCount)
    xTaskIncrementTick                       0x080028e5   Thumb Code   388  tasks.o(i.xTaskIncrementTick)
    xTaskPriorityDisinherit                  0x08002ab9   Thumb Code   206  tasks.o(i.xTaskPriorityDisinherit)
    xTaskRemoveFromEventList                 0x08002bb9   Thumb Code   254  tasks.o(i.xTaskRemoveFromEventList)
    xTaskResumeAll                           0x08002cf5   Thumb Code   328  tasks.o(i.xTaskResumeAll)
    xTimerCreateTimerTask                    0x08002e85   Thumb Code    56  timers.o(i.xTimerCreateTimerTask)
    Region$$Table$$Base                      0x08002ef8   Number         0  anon$$obj.o(Region$$Table)
    Region$$Table$$Limit                     0x08002f18   Number         0  anon$$obj.o(Region$$Table)
    StartTask_Handler                        0x20000000   Data           4  main.o(.data)
    LED0Task_Handler                         0x20000004   Data           4  main.o(.data)
    LED1Task_Handler                         0x20000008   Data           4  main.o(.data)
    SystemCoreClock                          0x2000000c   Data           4  system_stm32f10x.o(.data)
    AHBPrescTable                            0x20000010   Data          16  system_stm32f10x.o(.data)
    __stdout                                 0x20000024   Data           4  usart.o(.data)
    USART_RX_STA                             0x20000028   Data           2  usart.o(.data)
    pxCurrentTCB                             0x20000040   Data           4  tasks.o(.data)
    uxTopUsedPriority                        0x20000078   Data           4  tasks.o(.data)
    USART_RX_BUF                             0x200000bc   Data         200  usart.o(.bss)
    xQueueRegistry                           0x20000184   Data          64  queue.o(.bss)
    __libspace_start                         0x200054d0   Data          96  libspace.o(.bss)
    __temporary_stack_top$libspace           0x20005530   Data           0  libspace.o(.bss)



==============================================================================

Memory Map of the image

  Image Entry point : 0x08000275

  Load Region LR_1 (Base: 0x08000000, Size: 0x00002fd4, Max: 0xffffffff, ABSOLUTE)

    Execution Region ER_RO (Exec base: 0x08000000, Load base: 0x08000000, Size: 0x00002f18, Max: 0xffffffff, ABSOLUTE)

    Exec Addr    Load Addr    Size         Type   Attr      Idx    E Section Name        Object

    0x08000000   0x08000000   0x00000130   Data   RO          425    RESET               startup_stm32f10x_hd.o
    0x08000130   0x08000130   0x00000008   Code   RO         2321  * !!!main             c_w.l(__main.o)
    0x08000138   0x08000138   0x00000034   Code   RO         2494    !!!scatter          c_w.l(__scatter.o)
    0x0800016c   0x0800016c   0x0000001a   Code   RO         2496    !!handler_copy      c_w.l(__scatter_copy.o)
    0x08000186   0x08000186   0x00000002   PAD
    0x08000188   0x08000188   0x0000001c   Code   RO         2498    !!handler_zi        c_w.l(__scatter_zi.o)
    0x080001a4   0x080001a4   0x00000000   Code   RO         2304    .ARM.Collect$$_printf_percent$$00000000  c_w.l(_printf_percent.o)
    0x080001a4   0x080001a4   0x00000006   Code   RO         2302    .ARM.Collect$$_printf_percent$$00000009  c_w.l(_printf_d.o)
    0x080001aa   0x080001aa   0x00000006   Code   RO         2301    .ARM.Collect$$_printf_percent$$00000014  c_w.l(_printf_s.o)
    0x080001b0   0x080001b0   0x00000004   Code   RO         2336    .ARM.Collect$$_printf_percent$$00000017  c_w.l(_printf_percent_end.o)
    0x080001b4   0x080001b4   0x00000002   Code   RO         2369    .ARM.Collect$$libinit$$00000000  c_w.l(libinit.o)
    0x080001b6   0x080001b6   0x00000000   Code   RO         2376    .ARM.Collect$$libinit$$00000002  c_w.l(libinit2.o)
    0x080001b6   0x080001b6   0x00000000   Code   RO         2378    .ARM.Collect$$libinit$$00000004  c_w.l(libinit2.o)
    0x080001b6   0x080001b6   0x00000000   Code   RO         2381    .ARM.Collect$$libinit$$0000000A  c_w.l(libinit2.o)
    0x080001b6   0x080001b6   0x00000000   Code   RO         2383    .ARM.Collect$$libinit$$0000000C  c_w.l(libinit2.o)
    0x080001b6   0x080001b6   0x00000000   Code   RO         2385    .ARM.Collect$$libinit$$0000000E  c_w.l(libinit2.o)
    0x080001b6   0x080001b6   0x00000000   Code   RO         2388    .ARM.Collect$$libinit$$00000011  c_w.l(libinit2.o)
    0x080001b6   0x080001b6   0x00000000   Code   RO         2390    .ARM.Collect$$libinit$$00000013  c_w.l(libinit2.o)
    0x080001b6   0x080001b6   0x00000000   Code   RO         2392    .ARM.Collect$$libinit$$00000015  c_w.l(libinit2.o)
    0x080001b6   0x080001b6   0x00000000   Code   RO         2394    .ARM.Collect$$libinit$$00000017  c_w.l(libinit2.o)
    0x080001b6   0x080001b6   0x00000000   Code   RO         2396    .ARM.Collect$$libinit$$00000019  c_w.l(libinit2.o)
    0x080001b6   0x080001b6   0x00000000   Code   RO         2398    .ARM.Collect$$libinit$$0000001B  c_w.l(libinit2.o)
    0x080001b6   0x080001b6   0x00000000   Code   RO         2400    .ARM.Collect$$libinit$$0000001D  c_w.l(libinit2.o)
    0x080001b6   0x080001b6   0x00000000   Code   RO         2402    .ARM.Collect$$libinit$$0000001F  c_w.l(libinit2.o)
    0x080001b6   0x080001b6   0x00000000   Code   RO         2404    .ARM.Collect$$libinit$$00000021  c_w.l(libinit2.o)
    0x080001b6   0x080001b6   0x00000000   Code   RO         2406    .ARM.Collect$$libinit$$00000023  c_w.l(libinit2.o)
    0x080001b6   0x080001b6   0x00000000   Code   RO         2408    .ARM.Collect$$libinit$$00000025  c_w.l(libinit2.o)
    0x080001b6   0x080001b6   0x00000000   Code   RO         2412    .ARM.Collect$$libinit$$0000002C  c_w.l(libinit2.o)
    0x080001b6   0x080001b6   0x00000000   Code   RO         2414    .ARM.Collect$$libinit$$0000002E  c_w.l(libinit2.o)
    0x080001b6   0x080001b6   0x00000000   Code   RO         2416    .ARM.Collect$$libinit$$00000030  c_w.l(libinit2.o)
    0x080001b6   0x080001b6   0x00000000   Code   RO         2418    .ARM.Collect$$libinit$$00000032  c_w.l(libinit2.o)
    0x080001b6   0x080001b6   0x00000002   Code   RO         2419    .ARM.Collect$$libinit$$00000033  c_w.l(libinit2.o)
    0x080001b8   0x080001b8   0x00000002   Code   RO         2437    .ARM.Collect$$libshutdown$$00000000  c_w.l(libshutdown.o)
    0x080001ba   0x080001ba   0x00000000   Code   RO         2448    .ARM.Collect$$libshutdown$$00000003  c_w.l(libshutdown2.o)
    0x080001ba   0x080001ba   0x00000000   Code   RO         2451    .ARM.Collect$$libshutdown$$00000006  c_w.l(libshutdown2.o)
    0x080001ba   0x080001ba   0x00000000   Code   RO         2454    .ARM.Collect$$libshutdown$$00000009  c_w.l(libshutdown2.o)
    0x080001ba   0x080001ba   0x00000000   Code   RO         2456    .ARM.Collect$$libshutdown$$0000000B  c_w.l(libshutdown2.o)
    0x080001ba   0x080001ba   0x00000000   Code   RO         2459    .ARM.Collect$$libshutdown$$0000000E  c_w.l(libshutdown2.o)
    0x080001ba   0x080001ba   0x00000002   Code   RO         2460    .ARM.Collect$$libshutdown$$0000000F  c_w.l(libshutdown2.o)
    0x080001bc   0x080001bc   0x00000000   Code   RO         2325    .ARM.Collect$$rtentry$$00000000  c_w.l(__rtentry.o)
    0x080001bc   0x080001bc   0x00000000   Code   RO         2340    .ARM.Collect$$rtentry$$00000002  c_w.l(__rtentry2.o)
    0x080001bc   0x080001bc   0x00000006   Code   RO         2352    .ARM.Collect$$rtentry$$00000004  c_w.l(__rtentry4.o)
    0x080001c2   0x080001c2   0x00000000   Code   RO         2342    .ARM.Collect$$rtentry$$00000009  c_w.l(__rtentry2.o)
    0x080001c2   0x080001c2   0x00000004   Code   RO         2343    .ARM.Collect$$rtentry$$0000000A  c_w.l(__rtentry2.o)
    0x080001c6   0x080001c6   0x00000000   Code   RO         2345    .ARM.Collect$$rtentry$$0000000C  c_w.l(__rtentry2.o)
    0x080001c6   0x080001c6   0x00000008   Code   RO         2346    .ARM.Collect$$rtentry$$0000000D  c_w.l(__rtentry2.o)
    0x080001ce   0x080001ce   0x00000002   Code   RO         2373    .ARM.Collect$$rtexit$$00000000  c_w.l(rtexit.o)
    0x080001d0   0x080001d0   0x00000000   Code   RO         2421    .ARM.Collect$$rtexit$$00000002  c_w.l(rtexit2.o)
    0x080001d0   0x080001d0   0x00000004   Code   RO         2422    .ARM.Collect$$rtexit$$00000003  c_w.l(rtexit2.o)
    0x080001d4   0x080001d4   0x00000006   Code   RO         2423    .ARM.Collect$$rtexit$$00000004  c_w.l(rtexit2.o)
    0x080001da   0x080001da   0x00000002   PAD
    0x080001dc   0x080001dc   0x00000096   Code   RO         2124    .emb_text           port.o
    0x08000272   0x08000272   0x00000002   PAD
    0x08000274   0x08000274   0x00000040   Code   RO          426  * .text               startup_stm32f10x_hd.o
    0x080002b4   0x080002b4   0x00000002   Code   RO         2264    .text               c_w.l(use_no_semi_2.o)
    0x080002b6   0x080002b6   0x00000002   PAD
    0x080002b8   0x080002b8   0x00000018   Code   RO         2270    .text               c_w.l(noretval__2printf.o)
    0x080002d0   0x080002d0   0x00000068   Code   RO         2274    .text               c_w.l(__printf.o)
    0x08000338   0x08000338   0x00000052   Code   RO         2276    .text               c_w.l(_printf_str.o)
    0x0800038a   0x0800038a   0x00000002   PAD
    0x0800038c   0x0800038c   0x00000078   Code   RO         2278    .text               c_w.l(_printf_dec.o)
    0x08000404   0x08000404   0x0000008a   Code   RO         2309    .text               c_w.l(rt_memcpy_v6.o)
    0x0800048e   0x0800048e   0x00000010   Code   RO         2313    .text               c_w.l(aeabi_memset.o)
    0x0800049e   0x0800049e   0x00000044   Code   RO         2315    .text               c_w.l(rt_memclr.o)
    0x080004e2   0x080004e2   0x0000004e   Code   RO         2317    .text               c_w.l(rt_memclr_w.o)
    0x08000530   0x08000530   0x00000006   Code   RO         2319    .text               c_w.l(heapauxi.o)
    0x08000536   0x08000536   0x00000002   Code   RO         2323    .text               c_w.l(use_no_semi.o)
    0x08000538   0x08000538   0x000000b2   Code   RO         2326    .text               c_w.l(_printf_intcommon.o)
    0x080005ea   0x080005ea   0x00000002   PAD
    0x080005ec   0x080005ec   0x00000030   Code   RO         2328    .text               c_w.l(_printf_char_common.o)
    0x0800061c   0x0800061c   0x0000002c   Code   RO         2332    .text               c_w.l(_printf_char.o)
    0x08000648   0x08000648   0x00000024   Code   RO         2334    .text               c_w.l(_printf_char_file.o)
    0x0800066c   0x0800066c   0x00000064   Code   RO         2337    .text               c_w.l(rt_memcpy_w.o)
    0x080006d0   0x080006d0   0x00000008   Code   RO         2356    .text               c_w.l(ferror.o)
    0x080006d8   0x080006d8   0x0000004a   Code   RO         2360    .text               c_w.l(sys_stackheap_outer.o)
    0x08000722   0x08000722   0x0000000c   Code   RO         2362    .text               c_w.l(exit.o)
    0x0800072e   0x0800072e   0x00000002   PAD
    0x08000730   0x08000730   0x00000008   Code   RO         2370    .text               c_w.l(libspace.o)
    0x08000738   0x08000738   0x00000004   Code   RO          169    i.BusFault_Handler  stm32f10x_it.o
    0x0800073c   0x0800073c   0x00000002   Code   RO          170    i.DebugMon_Handler  stm32f10x_it.o
    0x0800073e   0x0800073e   0x00000116   Code   RO          472    i.GPIO_Init         stm32f10x_gpio.o
    0x08000854   0x08000854   0x00000004   Code   RO          480    i.GPIO_SetBits      stm32f10x_gpio.o
    0x08000858   0x08000858   0x00000004   Code   RO          171    i.HardFault_Handler  stm32f10x_it.o
    0x0800085c   0x0800085c   0x0000004c   Code   RO          274    i.LED_Init          led.o
    0x080008a8   0x080008a8   0x00000004   Code   RO          172    i.MemManage_Handler  stm32f10x_it.o
    0x080008ac   0x080008ac   0x00000002   Code   RO          173    i.NMI_Handler       stm32f10x_it.o
    0x080008ae   0x080008ae   0x00000002   PAD
    0x080008b0   0x080008b0   0x00000070   Code   RO          430    i.NVIC_Init         misc.o
    0x08000920   0x08000920   0x00000014   Code   RO          431    i.NVIC_PriorityGroupConfig  misc.o
    0x08000934   0x08000934   0x00000020   Code   RO          608    i.RCC_APB2PeriphClockCmd  stm32f10x_rcc.o
    0x08000954   0x08000954   0x000000d4   Code   RO          616    i.RCC_GetClocksFreq  stm32f10x_rcc.o
    0x08000a28   0x08000a28   0x00000008   Code   RO          240    i.SetSysClock       system_stm32f10x.o
    0x08000a30   0x08000a30   0x000000e0   Code   RO          241    i.SetSysClockTo72   system_stm32f10x.o
    0x08000b10   0x08000b10   0x00000028   Code   RO          434    i.SysTick_CLKSourceConfig  misc.o
    0x08000b38   0x08000b38   0x00000010   Code   RO          286    i.SysTick_Handler   delay.o
    0x08000b48   0x08000b48   0x00000060   Code   RO          243    i.SystemInit        system_stm32f10x.o
    0x08000ba8   0x08000ba8   0x00000088   Code   RO          366    i.USART1_IRQHandler  usart.o
    0x08000c30   0x08000c30   0x00000018   Code   RO          808    i.USART_Cmd         stm32f10x_usart.o
    0x08000c48   0x08000c48   0x00000054   Code   RO          812    i.USART_GetITStatus  stm32f10x_usart.o
    0x08000c9c   0x08000c9c   0x0000004a   Code   RO          814    i.USART_ITConfig    stm32f10x_usart.o
    0x08000ce6   0x08000ce6   0x00000002   PAD
    0x08000ce8   0x08000ce8   0x000000d8   Code   RO          815    i.USART_Init        stm32f10x_usart.o
    0x08000dc0   0x08000dc0   0x0000000a   Code   RO          822    i.USART_ReceiveData  stm32f10x_usart.o
    0x08000dca   0x08000dca   0x00000004   Code   RO          174    i.UsageFault_Handler  stm32f10x_it.o
    0x08000dce   0x08000dce   0x00000004   Code   RO          367    i._sys_exit         usart.o
    0x08000dd2   0x08000dd2   0x00000002   PAD
    0x08000dd4   0x08000dd4   0x0000005c   Code   RO          287    i.delay_init        delay.o
    0x08000e30   0x08000e30   0x0000001c   Code   RO          368    i.fputc             usart.o
    0x08000e4c   0x08000e4c   0x00000020   Code   RO            1    i.led0_task         main.o
    0x08000e6c   0x08000e6c   0x00000028   Code   RO            2    i.led1_task         main.o
    0x08000e94   0x08000e94   0x0000004c   Code   RO            3    i.main              main.o
    0x08000ee0   0x08000ee0   0x000000c0   Code   RO         1569    i.prvAddCurrentTaskToDelayedList  tasks.o
    0x08000fa0   0x08000fa0   0x000000ec   Code   RO         1570    i.prvAddNewTaskToReadyList  tasks.o
    0x0800108c   0x0800108c   0x00000064   Code   RO         1953    i.prvCheckForValidListAndQueue  timers.o
    0x080010f0   0x080010f0   0x00000048   Code   RO         1571    i.prvCheckTasksWaitingTermination  tasks.o
    0x08001138   0x08001138   0x0000002a   Code   RO         1153    i.prvCopyDataFromQueue  queue.o
    0x08001162   0x08001162   0x0000007e   Code   RO         1154    i.prvCopyDataToQueue  queue.o
    0x080011e0   0x080011e0   0x00000012   Code   RO         1572    i.prvDeleteTCB      tasks.o
    0x080011f2   0x080011f2   0x00000002   PAD
    0x080011f4   0x080011f4   0x00000028   Code   RO         1954    i.prvGetNextExpireTime  timers.o
    0x0800121c   0x0800121c   0x00000070   Code   RO         2201    i.prvHeapInit       heap_4.o
    0x0800128c   0x0800128c   0x00000028   Code   RO         1573    i.prvIdleTask       tasks.o
    0x080012b4   0x080012b4   0x0000002e   Code   RO         1157    i.prvInitialiseNewQueue  queue.o
    0x080012e2   0x080012e2   0x00000002   PAD
    0x080012e4   0x080012e4   0x000000dc   Code   RO         1574    i.prvInitialiseNewTask  tasks.o
    0x080013c0   0x080013c0   0x00000068   Code   RO         1575    i.prvInitialiseTaskLists  tasks.o
    0x08001428   0x08001428   0x00000068   Code   RO         2202    i.prvInsertBlockIntoFreeList  heap_4.o
    0x08001490   0x08001490   0x00000058   Code   RO         1956    i.prvInsertTimerInActiveList  timers.o
    0x080014e8   0x080014e8   0x0000001a   Code   RO         1158    i.prvIsQueueEmpty   queue.o
    0x08001502   0x08001502   0x00000002   PAD
    0x08001504   0x08001504   0x000000c0   Code   RO         1160    i.prvNotifyQueueSetContainer  queue.o
    0x080015c4   0x080015c4   0x00000044   Code   RO         1957    i.prvProcessExpiredTimer  timers.o
    0x08001608   0x08001608   0x00000160   Code   RO         1958    i.prvProcessReceivedCommands  timers.o
    0x08001768   0x08001768   0x00000074   Code   RO         1959    i.prvProcessTimerOrBlockTask  timers.o
    0x080017dc   0x080017dc   0x00000028   Code   RO         1960    i.prvReloadTimer    timers.o
    0x08001804   0x08001804   0x00000030   Code   RO         1577    i.prvResetNextTaskUnblockTime  tasks.o
    0x08001834   0x08001834   0x0000002c   Code   RO         1961    i.prvSampleTimeNow  timers.o
    0x08001860   0x08001860   0x00000044   Code   RO         1962    i.prvSwitchTimerLists  timers.o
    0x080018a4   0x080018a4   0x00000070   Code   RO         2125    i.prvTaskExitError  port.o
    0x08001914   0x08001914   0x0000001a   Code   RO         1963    i.prvTimerTask      timers.o
    0x0800192e   0x0800192e   0x00000090   Code   RO         1161    i.prvUnlockQueue    queue.o
    0x080019be   0x080019be   0x00000002   PAD
    0x080019c0   0x080019c0   0x00000150   Code   RO         2204    i.pvPortMalloc      heap_4.o
    0x08001b10   0x08001b10   0x00000024   Code   RO         2126    i.pxPortInitialiseStack  port.o
    0x08001b34   0x08001b34   0x0000006c   Code   RO            4    i.start_task        main.o
    0x08001ba0   0x08001ba0   0x000000a0   Code   RO          369    i.uart_init         usart.o
    0x08001c40   0x08001c40   0x00000028   Code   RO         1113    i.uxListRemove      list.o
    0x08001c68   0x08001c68   0x0000000c   Code   RO         1584    i.uxTaskGetNumberOfTasks  tasks.o
    0x08001c74   0x08001c74   0x0000001a   Code   RO         1114    i.vListInitialise   list.o
    0x08001c8e   0x08001c8e   0x00000006   Code   RO         1115    i.vListInitialiseItem  list.o
    0x08001c94   0x08001c94   0x00000034   Code   RO         1116    i.vListInsert       list.o
    0x08001cc8   0x08001cc8   0x00000018   Code   RO         1117    i.vListInsertEnd    list.o
    0x08001ce0   0x08001ce0   0x00000088   Code   RO         2128    i.vPortEnterCritical  port.o
    0x08001d68   0x08001d68   0x00000070   Code   RO         2129    i.vPortExitCritical  port.o
    0x08001dd8   0x08001dd8   0x000000b0   Code   RO         2205    i.vPortFree         heap_4.o
    0x08001e88   0x08001e88   0x00000028   Code   RO         2130    i.vPortSetupTimerInterrupt  port.o
    0x08001eb0   0x08001eb0   0x0000007c   Code   RO         1167    i.vQueueAddToRegistry  queue.o
    0x08001f2c   0x08001f2c   0x0000004a   Code   RO         1171    i.vQueueWaitForMessageRestricted  queue.o
    0x08001f76   0x08001f76   0x00000002   PAD
    0x08001f78   0x08001f78   0x00000074   Code   RO         1590    i.vTaskDelay        tasks.o
    0x08001fec   0x08001fec   0x00000114   Code   RO         1591    i.vTaskDelete       tasks.o
    0x08002100   0x08002100   0x00000018   Code   RO         1595    i.vTaskInternalSetTimeOutState  tasks.o
    0x08002118   0x08002118   0x0000000c   Code   RO         1597    i.vTaskMissedYield  tasks.o
    0x08002124   0x08002124   0x00000054   Code   RO         1598    i.vTaskPlaceOnEventList  tasks.o
    0x08002178   0x08002178   0x0000007c   Code   RO         1599    i.vTaskPlaceOnEventListRestricted  tasks.o
    0x080021f4   0x080021f4   0x000000b4   Code   RO         1607    i.vTaskStartScheduler  tasks.o
    0x080022a8   0x080022a8   0x00000010   Code   RO         1609    i.vTaskSuspendAll   tasks.o
    0x080022b8   0x080022b8   0x000000a8   Code   RO         1610    i.vTaskSwitchContext  tasks.o
    0x08002360   0x08002360   0x00000140   Code   RO         2132    i.xPortStartScheduler  port.o
    0x080024a0   0x080024a0   0x00000034   Code   RO         2133    i.xPortSysTickHandler  port.o
    0x080024d4   0x080024d4   0x00000080   Code   RO         1176    i.xQueueGenericCreate  queue.o
    0x08002554   0x08002554   0x000000ec   Code   RO         1177    i.xQueueGenericReset  queue.o
    0x08002640   0x08002640   0x00000170   Code   RO         1186    i.xQueueReceive     queue.o
    0x080027b0   0x080027b0   0x000000a0   Code   RO         1612    i.xTaskCheckForTimeOut  tasks.o
    0x08002850   0x08002850   0x00000068   Code   RO         1613    i.xTaskCreate       tasks.o
    0x080028b8   0x080028b8   0x00000020   Code   RO         1620    i.xTaskGetSchedulerState  tasks.o
    0x080028d8   0x080028d8   0x0000000c   Code   RO         1621    i.xTaskGetTickCount  tasks.o
    0x080028e4   0x080028e4   0x000001d4   Code   RO         1623    i.xTaskIncrementTick  tasks.o
    0x08002ab8   0x08002ab8   0x00000100   Code   RO         1624    i.xTaskPriorityDisinherit  tasks.o
    0x08002bb8   0x08002bb8   0x0000013c   Code   RO         1626    i.xTaskRemoveFromEventList  tasks.o
    0x08002cf4   0x08002cf4   0x00000190   Code   RO         1627    i.xTaskResumeAll    tasks.o
    0x08002e84   0x08002e84   0x00000074   Code   RO         1971    i.xTimerCreateTimerTask  timers.o
    0x08002ef8   0x08002ef8   0x00000020   Data   RO         2492    Region$$Table       anon$$obj.o


    Execution Region ER_RW (Exec base: 0x20000000, Load base: 0x08002f18, Size: 0x000000bc, Max: 0xffffffff, ABSOLUTE)

    Exec Addr    Load Addr    Size         Type   Attr      Idx    E Section Name        Object

    0x20000000   0x08002f18   0x0000000c   Data   RW            5    .data               main.o
    0x2000000c   0x08002f24   0x00000014   Data   RW          244    .data               system_stm32f10x.o
    0x20000020   0x08002f38   0x00000004   Data   RW          291    .data               delay.o
    0x20000024   0x08002f3c   0x00000006   Data   RW          371    .data               usart.o
    0x2000002a   0x08002f42   0x00000014   Data   RW          636    .data               stm32f10x_rcc.o
    0x2000003e   0x08002f56   0x00000002   PAD
    0x20000040   0x08002f58   0x00000040   Data   RW         1630    .data               tasks.o
    0x20000080   0x08002f98   0x00000014   Data   RW         1981    .data               timers.o
    0x20000094   0x08002fac   0x0000000c   Data   RW         2134    .data               port.o
    0x200000a0   0x08002fb8   0x0000001c   Data   RW         2211    .data               heap_4.o


    Execution Region ER_ZI (Exec base: 0x200000bc, Load base: 0x08002fd4, Size: 0x00005a74, Max: 0xffffffff, ABSOLUTE)

    Exec Addr    Load Addr    Size         Type   Attr      Idx    E Section Name        Object

    0x200000bc        -       0x000000c8   Zero   RW          370    .bss                usart.o
    0x20000184        -       0x00000040   Zero   RW         1193    .bss                queue.o
    0x200001c4        -       0x000002e4   Zero   RW         1629    .bss                tasks.o
    0x200004a8        -       0x00000028   Zero   RW         1980    .bss                timers.o
    0x200004d0        -       0x00005000   Zero   RW         2210    .bss                heap_4.o
    0x200054d0        -       0x00000060   Zero   RW         2371    .bss                c_w.l(libspace.o)
    0x20005530        -       0x00000200   Zero   RW          424    HEAP                startup_stm32f10x_hd.o
    0x20005730        -       0x00000400   Zero   RW          423    STACK               startup_stm32f10x_hd.o


==============================================================================

Image component sizes


      Code (inc. data)   RO Data    RW Data    ZI Data      Debug   Object Name

       108         18          0          4          0       1079   delay.o
         0          0          0          0          0      14488   event_groups.o
       728        172          0         28      20480       4447   heap_4.o
        76          8          0          0          0        471   led.o
       148          0          0          0          0       2910   list.o
       256         84          0         12          0     248462   main.o
       172         22          0          0          0       1933   misc.o
       958        304          0         12          0       9288   port.o
      1506        198          0          0         64      12215   queue.o
        64         26        304          0       1536        776   startup_stm32f10x_hd.o
       282          0          0          0          0       2391   stm32f10x_gpio.o
        20          0          0          0          0       2293   stm32f10x_it.o
       244         26          0         20          0       3745   stm32f10x_rcc.o
       408          6          0          0          0       4762   stm32f10x_usart.o
         0          0          0          0          0         32   sys.o
       328         28          0         20          0       1937   system_stm32f10x.o
      3690        830          0         64        740      31719   tasks.o
      1058        190          0         20         40      12352   timers.o
       328         26          0          6        200       3952   usart.o

    ----------------------------------------------------------------------
     10392       1938        336        188      23060     359252   Object Totals
         0          0         32          0          0          0   (incl. Generated)
        18          0          0          2          0          0   (incl. Padding)

    ----------------------------------------------------------------------

      Code (inc. data)   RO Data    RW Data    ZI Data      Debug   Library Member Name

         8          0          0          0          0         68   __main.o
       104          0          0          0          0         84   __printf.o
         0          0          0          0          0          0   __rtentry.o
        12          0          0          0          0          0   __rtentry2.o
         6          0          0          0          0          0   __rtentry4.o
        52          8          0          0          0          0   __scatter.o
        26          0          0          0          0          0   __scatter_copy.o
        28          0          0          0          0          0   __scatter_zi.o
        44          0          0          0          0        108   _printf_char.o
        48          6          0          0          0         96   _printf_char_common.o
        36          4          0          0          0         80   _printf_char_file.o
         6          0          0          0          0          0   _printf_d.o
       120         16          0          0          0         92   _printf_dec.o
       178          0          0          0          0         88   _printf_intcommon.o
         0          0          0          0          0          0   _printf_percent.o
         4          0          0          0          0          0   _printf_percent_end.o
         6          0          0          0          0          0   _printf_s.o
        82          0          0          0          0         80   _printf_str.o
        16          0          0          0          0         68   aeabi_memset.o
        12          0          0          0          0         72   exit.o
         8          0          0          0          0         68   ferror.o
         6          0          0          0          0        152   heapauxi.o
         2          0          0          0          0          0   libinit.o
         2          0          0          0          0          0   libinit2.o
         2          0          0          0          0          0   libshutdown.o
         2          0          0          0          0          0   libshutdown2.o
         8          4          0          0         96         68   libspace.o
        24          4          0          0          0         84   noretval__2printf.o
        68          0          0          0          0         68   rt_memclr.o
        78          0          0          0          0         80   rt_memclr_w.o
       138          0          0          0          0         68   rt_memcpy_v6.o
       100          0          0          0          0         80   rt_memcpy_w.o
         2          0          0          0          0          0   rtexit.o
        10          0          0          0          0          0   rtexit2.o
        74          0          0          0          0         80   sys_stackheap_outer.o
         2          0          0          0          0         68   use_no_semi.o
         2          0          0          0          0         68   use_no_semi_2.o

    ----------------------------------------------------------------------
      1328         42          0          0         96       1720   Library Totals
        12          0          0          0          0          0   (incl. Padding)

    ----------------------------------------------------------------------

      Code (inc. data)   RO Data    RW Data    ZI Data      Debug   Library Name

      1316         42          0          0         96       1720   c_w.l

    ----------------------------------------------------------------------
      1328         42          0          0         96       1720   Library Totals

    ----------------------------------------------------------------------

==============================================================================


      Code (inc. data)   RO Data    RW Data    ZI Data      Debug   

     11720       1980        336        188      23156     355300   Grand Totals
     11720       1980        336        188      23156     355300   ELF Image Totals
     11720       1980        336        188          0          0   ROM Totals

==============================================================================

    Total RO  Size (Code + RO Data)                12056 (  11.77kB)
    Total RW  Size (RW Data + ZI Data)             23344 (  22.80kB)
    Total ROM Size (Code + RO Data + RW Data)      12244 (  11.96kB)

==============================================================================

